ERROR - 2026-07-16 10:29:56 --> Error connecting to the database: mysqli_sql_exception: Access denied for user 'root'@'localhost' (using password: NO) in /home/u691843472/domains/newsexpress520.in/public_html/quiztv/vendor/codeigniter4/framework/system/Database/MySQLi/Connection.php:201
Stack trace:
#0 /home/u691843472/domains/newsexpress520.in/public_html/quiztv/vendor/codeigniter4/framework/system/Database/MySQLi/Connection.php(201): mysqli->real_connect()
#1 /home/u691843472/domains/newsexpress520.in/public_html/quiztv/vendor/codeigniter4/framework/system/Database/BaseConnection.php(421): CodeIgniter\Database\MySQLi\Connection->connect()
#2 /home/u691843472/domains/newsexpress520.in/public_html/quiztv/vendor/codeigniter4/framework/system/Database/BaseConnection.php(620): CodeIgniter\Database\BaseConnection->initialize()
#3 /home/u691843472/domains/newsexpress520.in/public_html/quiztv/vendor/codeigniter4/framework/system/Database/BaseBuilder.php(1649): CodeIgniter\Database\BaseConnection->query()
#4 /home/u691843472/domains/newsexpress520.in/public_html/quiztv/vendor/codeigniter4/framework/system/Model.php(286): CodeIgniter\Database\BaseBuilder->get()
#5 /home/u691843472/domains/newsexpress520.in/public_html/quiztv/vendor/codeigniter4/framework/system/BaseModel.php(675): CodeIgniter\Model->doFindAll()
#6 /home/u691843472/domains/newsexpress520.in/public_html/quiztv/app/Controllers/HomeController.php(20): CodeIgniter\BaseModel->findAll()
#7 /home/u691843472/domains/newsexpress520.in/public_html/quiztv/vendor/codeigniter4/framework/system/CodeIgniter.php(933): App\Controllers\HomeController->index()
#8 /home/u691843472/domains/newsexpress520.in/public_html/quiztv/vendor/codeigniter4/framework/system/CodeIgniter.php(507): CodeIgniter\CodeIgniter->runController()
#9 /home/u691843472/domains/newsexpress520.in/public_html/quiztv/vendor/codeigniter4/framework/system/CodeIgniter.php(354): CodeIgniter\CodeIgniter->handleRequest()
#10 /home/u691843472/domains/newsexpress520.in/public_html/quiztv/vendor/codeigniter4/framework/system/Boot.php(334): CodeIgniter\CodeIgniter->run()
#11 /home/u691843472/domains/newsexpress520.in/public_html/quiztv/vendor/codeigniter4/framework/system/Boot.php(67): CodeIgniter\Boot::runCodeIgniter()
#12 /home/u691843472/domains/newsexpress520.in/public_html/quiztv/index.php(56): CodeIgniter\Boot::bootWeb()
#13 {main}

Next CodeIgniter\Database\Exceptions\DatabaseException: Access denied for user '****'@'localhost' (using password: NO) in /home/u691843472/domains/newsexpress520.in/public_html/quiztv/vendor/codeigniter4/framework/system/Database/MySQLi/Connection.php:246
Stack trace:
#0 /home/u691843472/domains/newsexpress520.in/public_html/quiztv/vendor/codeigniter4/framework/system/Database/BaseConnection.php(421): CodeIgniter\Database\MySQLi\Connection->connect()
#1 /home/u691843472/domains/newsexpress520.in/public_html/quiztv/vendor/codeigniter4/framework/system/Database/BaseConnection.php(620): CodeIgniter\Database\BaseConnection->initialize()
#2 /home/u691843472/domains/newsexpress520.in/public_html/quiztv/vendor/codeigniter4/framework/system/Database/BaseBuilder.php(1649): CodeIgniter\Database\BaseConnection->query()
#3 /home/u691843472/domains/newsexpress520.in/public_html/quiztv/vendor/codeigniter4/framework/system/Model.php(286): CodeIgniter\Database\BaseBuilder->get()
#4 /home/u691843472/domains/newsexpress520.in/public_html/quiztv/vendor/codeigniter4/framework/system/BaseModel.php(675): CodeIgniter\Model->doFindAll()
#5 /home/u691843472/domains/newsexpress520.in/public_html/quiztv/app/Controllers/HomeController.php(20): CodeIgniter\BaseModel->findAll()
#6 /home/u691843472/domains/newsexpress520.in/public_html/quiztv/vendor/codeigniter4/framework/system/CodeIgniter.php(933): App\Controllers\HomeController->index()
#7 /home/u691843472/domains/newsexpress520.in/public_html/quiztv/vendor/codeigniter4/framework/system/CodeIgniter.php(507): CodeIgniter\CodeIgniter->runController()
#8 /home/u691843472/domains/newsexpress520.in/public_html/quiztv/vendor/codeigniter4/framework/system/CodeIgniter.php(354): CodeIgniter\CodeIgniter->handleRequest()
#9 /home/u691843472/domains/newsexpress520.in/public_html/quiztv/vendor/codeigniter4/framework/system/Boot.php(334): CodeIgniter\CodeIgniter->run()
#10 /home/u691843472/domains/newsexpress520.in/public_html/quiztv/vendor/codeigniter4/framework/system/Boot.php(67): CodeIgniter\Boot::runCodeIgniter()
#11 /home/u691843472/domains/newsexpress520.in/public_html/quiztv/index.php(56): CodeIgniter\Boot::bootWeb()
#12 {main}
CRITICAL - 2026-07-16 10:29:56 --> CodeIgniter\Database\Exceptions\DatabaseException: Unable to connect to the database.
Main connection [MySQLi]: Access denied for user '****'@'localhost' (using password: NO)
[Method: GET, Route: /]
in SYSTEMPATH/Database/BaseConnection.php on line 467.
 1 SYSTEMPATH/Database/BaseConnection.php(620): CodeIgniter\Database\BaseConnection->initialize()
 2 SYSTEMPATH/Database/BaseBuilder.php(1649): CodeIgniter\Database\BaseConnection->query()
 3 SYSTEMPATH/Model.php(286): CodeIgniter\Database\BaseBuilder->get()
 4 SYSTEMPATH/BaseModel.php(675): CodeIgniter\Model->doFindAll()
 5 APPPATH/Controllers/HomeController.php(20): CodeIgniter\BaseModel->findAll()
 6 SYSTEMPATH/CodeIgniter.php(933): App\Controllers\HomeController->index()
 7 SYSTEMPATH/CodeIgniter.php(507): CodeIgniter\CodeIgniter->runController()
 8 SYSTEMPATH/CodeIgniter.php(354): CodeIgniter\CodeIgniter->handleRequest()
 9 SYSTEMPATH/Boot.php(334): CodeIgniter\CodeIgniter->run()
10 SYSTEMPATH/Boot.php(67): CodeIgniter\Boot::runCodeIgniter()
11 FCPATH/index.php(56): CodeIgniter\Boot::bootWeb()
ERROR - 2026-07-16 10:30:06 --> Error connecting to the database: mysqli_sql_exception: Access denied for user 'root'@'localhost' (using password: NO) in /home/u691843472/domains/newsexpress520.in/public_html/quiztv/vendor/codeigniter4/framework/system/Database/MySQLi/Connection.php:201
Stack trace:
#0 /home/u691843472/domains/newsexpress520.in/public_html/quiztv/vendor/codeigniter4/framework/system/Database/MySQLi/Connection.php(201): mysqli->real_connect()
#1 /home/u691843472/domains/newsexpress520.in/public_html/quiztv/vendor/codeigniter4/framework/system/Database/BaseConnection.php(421): CodeIgniter\Database\MySQLi\Connection->connect()
#2 /home/u691843472/domains/newsexpress520.in/public_html/quiztv/vendor/codeigniter4/framework/system/Database/BaseConnection.php(620): CodeIgniter\Database\BaseConnection->initialize()
#3 /home/u691843472/domains/newsexpress520.in/public_html/quiztv/vendor/codeigniter4/framework/system/Database/BaseBuilder.php(1649): CodeIgniter\Database\BaseConnection->query()
#4 /home/u691843472/domains/newsexpress520.in/public_html/quiztv/vendor/codeigniter4/framework/system/Model.php(330): CodeIgniter\Database\BaseBuilder->get()
#5 /home/u691843472/domains/newsexpress520.in/public_html/quiztv/vendor/codeigniter4/framework/system/BaseModel.php(713): CodeIgniter\Model->doFirst()
#6 /home/u691843472/domains/newsexpress520.in/public_html/quiztv/app/Models/QuizModel.php(45): CodeIgniter\BaseModel->first()
#7 /home/u691843472/domains/newsexpress520.in/public_html/quiztv/app/Controllers/QuizController.php(58): App\Models\QuizModel->getBySlug()
#8 /home/u691843472/domains/newsexpress520.in/public_html/quiztv/vendor/codeigniter4/framework/system/CodeIgniter.php(933): App\Controllers\QuizController->play()
#9 /home/u691843472/domains/newsexpress520.in/public_html/quiztv/vendor/codeigniter4/framework/system/CodeIgniter.php(507): CodeIgniter\CodeIgniter->runController()
#10 /home/u691843472/domains/newsexpress520.in/public_html/quiztv/vendor/codeigniter4/framework/system/CodeIgniter.php(354): CodeIgniter\CodeIgniter->handleRequest()
#11 /home/u691843472/domains/newsexpress520.in/public_html/quiztv/vendor/codeigniter4/framework/system/Boot.php(334): CodeIgniter\CodeIgniter->run()
#12 /home/u691843472/domains/newsexpress520.in/public_html/quiztv/vendor/codeigniter4/framework/system/Boot.php(67): CodeIgniter\Boot::runCodeIgniter()
#13 /home/u691843472/domains/newsexpress520.in/public_html/quiztv/index.php(56): CodeIgniter\Boot::bootWeb()
#14 {main}

Next CodeIgniter\Database\Exceptions\DatabaseException: Access denied for user '****'@'localhost' (using password: NO) in /home/u691843472/domains/newsexpress520.in/public_html/quiztv/vendor/codeigniter4/framework/system/Database/MySQLi/Connection.php:246
Stack trace:
#0 /home/u691843472/domains/newsexpress520.in/public_html/quiztv/vendor/codeigniter4/framework/system/Database/BaseConnection.php(421): CodeIgniter\Database\MySQLi\Connection->connect()
#1 /home/u691843472/domains/newsexpress520.in/public_html/quiztv/vendor/codeigniter4/framework/system/Database/BaseConnection.php(620): CodeIgniter\Database\BaseConnection->initialize()
#2 /home/u691843472/domains/newsexpress520.in/public_html/quiztv/vendor/codeigniter4/framework/system/Database/BaseBuilder.php(1649): CodeIgniter\Database\BaseConnection->query()
#3 /home/u691843472/domains/newsexpress520.in/public_html/quiztv/vendor/codeigniter4/framework/system/Model.php(330): CodeIgniter\Database\BaseBuilder->get()
#4 /home/u691843472/domains/newsexpress520.in/public_html/quiztv/vendor/codeigniter4/framework/system/BaseModel.php(713): CodeIgniter\Model->doFirst()
#5 /home/u691843472/domains/newsexpress520.in/public_html/quiztv/app/Models/QuizModel.php(45): CodeIgniter\BaseModel->first()
#6 /home/u691843472/domains/newsexpress520.in/public_html/quiztv/app/Controllers/QuizController.php(58): App\Models\QuizModel->getBySlug()
#7 /home/u691843472/domains/newsexpress520.in/public_html/quiztv/vendor/codeigniter4/framework/system/CodeIgniter.php(933): App\Controllers\QuizController->play()
#8 /home/u691843472/domains/newsexpress520.in/public_html/quiztv/vendor/codeigniter4/framework/system/CodeIgniter.php(507): CodeIgniter\CodeIgniter->runController()
#9 /home/u691843472/domains/newsexpress520.in/public_html/quiztv/vendor/codeigniter4/framework/system/CodeIgniter.php(354): CodeIgniter\CodeIgniter->handleRequest()
#10 /home/u691843472/domains/newsexpress520.in/public_html/quiztv/vendor/codeigniter4/framework/system/Boot.php(334): CodeIgniter\CodeIgniter->run()
#11 /home/u691843472/domains/newsexpress520.in/public_html/quiztv/vendor/codeigniter4/framework/system/Boot.php(67): CodeIgniter\Boot::runCodeIgniter()
#12 /home/u691843472/domains/newsexpress520.in/public_html/quiztv/index.php(56): CodeIgniter\Boot::bootWeb()
#13 {main}
CRITICAL - 2026-07-16 10:30:06 --> CodeIgniter\Database\Exceptions\DatabaseException: Unable to connect to the database.
Main connection [MySQLi]: Access denied for user '****'@'localhost' (using password: NO)
[Method: GET, Route: quiz/q]
in SYSTEMPATH/Database/BaseConnection.php on line 467.
 1 SYSTEMPATH/Database/BaseConnection.php(620): CodeIgniter\Database\BaseConnection->initialize()
 2 SYSTEMPATH/Database/BaseBuilder.php(1649): CodeIgniter\Database\BaseConnection->query()
 3 SYSTEMPATH/Model.php(330): CodeIgniter\Database\BaseBuilder->get()
 4 SYSTEMPATH/BaseModel.php(713): CodeIgniter\Model->doFirst()
 5 APPPATH/Models/QuizModel.php(45): CodeIgniter\BaseModel->first()
 6 APPPATH/Controllers/QuizController.php(58): App\Models\QuizModel->getBySlug()
 7 SYSTEMPATH/CodeIgniter.php(933): App\Controllers\QuizController->play()
 8 SYSTEMPATH/CodeIgniter.php(507): CodeIgniter\CodeIgniter->runController()
 9 SYSTEMPATH/CodeIgniter.php(354): CodeIgniter\CodeIgniter->handleRequest()
10 SYSTEMPATH/Boot.php(334): CodeIgniter\CodeIgniter->run()
11 SYSTEMPATH/Boot.php(67): CodeIgniter\Boot::runCodeIgniter()
12 FCPATH/index.php(56): CodeIgniter\Boot::bootWeb()
ERROR - 2026-07-16 10:30:13 --> Error connecting to the database: mysqli_sql_exception: Access denied for user 'root'@'localhost' (using password: NO) in /home/u691843472/domains/newsexpress520.in/public_html/quiztv/vendor/codeigniter4/framework/system/Database/MySQLi/Connection.php:201
Stack trace:
#0 /home/u691843472/domains/newsexpress520.in/public_html/quiztv/vendor/codeigniter4/framework/system/Database/MySQLi/Connection.php(201): mysqli->real_connect()
#1 /home/u691843472/domains/newsexpress520.in/public_html/quiztv/vendor/codeigniter4/framework/system/Database/BaseConnection.php(421): CodeIgniter\Database\MySQLi\Connection->connect()
#2 /home/u691843472/domains/newsexpress520.in/public_html/quiztv/vendor/codeigniter4/framework/system/Database/BaseConnection.php(620): CodeIgniter\Database\BaseConnection->initialize()
#3 /home/u691843472/domains/newsexpress520.in/public_html/quiztv/vendor/codeigniter4/framework/system/Database/BaseBuilder.php(1649): CodeIgniter\Database\BaseConnection->query()
#4 /home/u691843472/domains/newsexpress520.in/public_html/quiztv/vendor/codeigniter4/framework/system/Model.php(286): CodeIgniter\Database\BaseBuilder->get()
#5 /home/u691843472/domains/newsexpress520.in/public_html/quiztv/vendor/codeigniter4/framework/system/BaseModel.php(675): CodeIgniter\Model->doFindAll()
#6 /home/u691843472/domains/newsexpress520.in/public_html/quiztv/app/Controllers/HomeController.php(20): CodeIgniter\BaseModel->findAll()
#7 /home/u691843472/domains/newsexpress520.in/public_html/quiztv/vendor/codeigniter4/framework/system/CodeIgniter.php(933): App\Controllers\HomeController->index()
#8 /home/u691843472/domains/newsexpress520.in/public_html/quiztv/vendor/codeigniter4/framework/system/CodeIgniter.php(507): CodeIgniter\CodeIgniter->runController()
#9 /home/u691843472/domains/newsexpress520.in/public_html/quiztv/vendor/codeigniter4/framework/system/CodeIgniter.php(354): CodeIgniter\CodeIgniter->handleRequest()
#10 /home/u691843472/domains/newsexpress520.in/public_html/quiztv/vendor/codeigniter4/framework/system/Boot.php(334): CodeIgniter\CodeIgniter->run()
#11 /home/u691843472/domains/newsexpress520.in/public_html/quiztv/vendor/codeigniter4/framework/system/Boot.php(67): CodeIgniter\Boot::runCodeIgniter()
#12 /home/u691843472/domains/newsexpress520.in/public_html/quiztv/index.php(56): CodeIgniter\Boot::bootWeb()
#13 {main}

Next CodeIgniter\Database\Exceptions\DatabaseException: Access denied for user '****'@'localhost' (using password: NO) in /home/u691843472/domains/newsexpress520.in/public_html/quiztv/vendor/codeigniter4/framework/system/Database/MySQLi/Connection.php:246
Stack trace:
#0 /home/u691843472/domains/newsexpress520.in/public_html/quiztv/vendor/codeigniter4/framework/system/Database/BaseConnection.php(421): CodeIgniter\Database\MySQLi\Connection->connect()
#1 /home/u691843472/domains/newsexpress520.in/public_html/quiztv/vendor/codeigniter4/framework/system/Database/BaseConnection.php(620): CodeIgniter\Database\BaseConnection->initialize()
#2 /home/u691843472/domains/newsexpress520.in/public_html/quiztv/vendor/codeigniter4/framework/system/Database/BaseBuilder.php(1649): CodeIgniter\Database\BaseConnection->query()
#3 /home/u691843472/domains/newsexpress520.in/public_html/quiztv/vendor/codeigniter4/framework/system/Model.php(286): CodeIgniter\Database\BaseBuilder->get()
#4 /home/u691843472/domains/newsexpress520.in/public_html/quiztv/vendor/codeigniter4/framework/system/BaseModel.php(675): CodeIgniter\Model->doFindAll()
#5 /home/u691843472/domains/newsexpress520.in/public_html/quiztv/app/Controllers/HomeController.php(20): CodeIgniter\BaseModel->findAll()
#6 /home/u691843472/domains/newsexpress520.in/public_html/quiztv/vendor/codeigniter4/framework/system/CodeIgniter.php(933): App\Controllers\HomeController->index()
#7 /home/u691843472/domains/newsexpress520.in/public_html/quiztv/vendor/codeigniter4/framework/system/CodeIgniter.php(507): CodeIgniter\CodeIgniter->runController()
#8 /home/u691843472/domains/newsexpress520.in/public_html/quiztv/vendor/codeigniter4/framework/system/CodeIgniter.php(354): CodeIgniter\CodeIgniter->handleRequest()
#9 /home/u691843472/domains/newsexpress520.in/public_html/quiztv/vendor/codeigniter4/framework/system/Boot.php(334): CodeIgniter\CodeIgniter->run()
#10 /home/u691843472/domains/newsexpress520.in/public_html/quiztv/vendor/codeigniter4/framework/system/Boot.php(67): CodeIgniter\Boot::runCodeIgniter()
#11 /home/u691843472/domains/newsexpress520.in/public_html/quiztv/index.php(56): CodeIgniter\Boot::bootWeb()
#12 {main}
CRITICAL - 2026-07-16 10:30:13 --> CodeIgniter\Database\Exceptions\DatabaseException: Unable to connect to the database.
Main connection [MySQLi]: Access denied for user '****'@'localhost' (using password: NO)
[Method: GET, Route: /]
in SYSTEMPATH/Database/BaseConnection.php on line 467.
 1 SYSTEMPATH/Database/BaseConnection.php(620): CodeIgniter\Database\BaseConnection->initialize()
 2 SYSTEMPATH/Database/BaseBuilder.php(1649): CodeIgniter\Database\BaseConnection->query()
 3 SYSTEMPATH/Model.php(286): CodeIgniter\Database\BaseBuilder->get()
 4 SYSTEMPATH/BaseModel.php(675): CodeIgniter\Model->doFindAll()
 5 APPPATH/Controllers/HomeController.php(20): CodeIgniter\BaseModel->findAll()
 6 SYSTEMPATH/CodeIgniter.php(933): App\Controllers\HomeController->index()
 7 SYSTEMPATH/CodeIgniter.php(507): CodeIgniter\CodeIgniter->runController()
 8 SYSTEMPATH/CodeIgniter.php(354): CodeIgniter\CodeIgniter->handleRequest()
 9 SYSTEMPATH/Boot.php(334): CodeIgniter\CodeIgniter->run()
10 SYSTEMPATH/Boot.php(67): CodeIgniter\Boot::runCodeIgniter()
11 FCPATH/index.php(56): CodeIgniter\Boot::bootWeb()
ERROR - 2026-07-16 10:30:14 --> Error connecting to the database: mysqli_sql_exception: Access denied for user 'root'@'localhost' (using password: NO) in /home/u691843472/domains/newsexpress520.in/public_html/quiztv/vendor/codeigniter4/framework/system/Database/MySQLi/Connection.php:201
Stack trace:
#0 /home/u691843472/domains/newsexpress520.in/public_html/quiztv/vendor/codeigniter4/framework/system/Database/MySQLi/Connection.php(201): mysqli->real_connect()
#1 /home/u691843472/domains/newsexpress520.in/public_html/quiztv/vendor/codeigniter4/framework/system/Database/BaseConnection.php(421): CodeIgniter\Database\MySQLi\Connection->connect()
#2 /home/u691843472/domains/newsexpress520.in/public_html/quiztv/vendor/codeigniter4/framework/system/Database/BaseConnection.php(620): CodeIgniter\Database\BaseConnection->initialize()
#3 /home/u691843472/domains/newsexpress520.in/public_html/quiztv/vendor/codeigniter4/framework/system/Database/BaseBuilder.php(1649): CodeIgniter\Database\BaseConnection->query()
#4 /home/u691843472/domains/newsexpress520.in/public_html/quiztv/vendor/codeigniter4/framework/system/Model.php(286): CodeIgniter\Database\BaseBuilder->get()
#5 /home/u691843472/domains/newsexpress520.in/public_html/quiztv/vendor/codeigniter4/framework/system/BaseModel.php(675): CodeIgniter\Model->doFindAll()
#6 /home/u691843472/domains/newsexpress520.in/public_html/quiztv/app/Controllers/HomeController.php(20): CodeIgniter\BaseModel->findAll()
#7 /home/u691843472/domains/newsexpress520.in/public_html/quiztv/vendor/codeigniter4/framework/system/CodeIgniter.php(933): App\Controllers\HomeController->index()
#8 /home/u691843472/domains/newsexpress520.in/public_html/quiztv/vendor/codeigniter4/framework/system/CodeIgniter.php(507): CodeIgniter\CodeIgniter->runController()
#9 /home/u691843472/domains/newsexpress520.in/public_html/quiztv/vendor/codeigniter4/framework/system/CodeIgniter.php(354): CodeIgniter\CodeIgniter->handleRequest()
#10 /home/u691843472/domains/newsexpress520.in/public_html/quiztv/vendor/codeigniter4/framework/system/Boot.php(334): CodeIgniter\CodeIgniter->run()
#11 /home/u691843472/domains/newsexpress520.in/public_html/quiztv/vendor/codeigniter4/framework/system/Boot.php(67): CodeIgniter\Boot::runCodeIgniter()
#12 /home/u691843472/domains/newsexpress520.in/public_html/quiztv/index.php(56): CodeIgniter\Boot::bootWeb()
#13 {main}

Next CodeIgniter\Database\Exceptions\DatabaseException: Access denied for user '****'@'localhost' (using password: NO) in /home/u691843472/domains/newsexpress520.in/public_html/quiztv/vendor/codeigniter4/framework/system/Database/MySQLi/Connection.php:246
Stack trace:
#0 /home/u691843472/domains/newsexpress520.in/public_html/quiztv/vendor/codeigniter4/framework/system/Database/BaseConnection.php(421): CodeIgniter\Database\MySQLi\Connection->connect()
#1 /home/u691843472/domains/newsexpress520.in/public_html/quiztv/vendor/codeigniter4/framework/system/Database/BaseConnection.php(620): CodeIgniter\Database\BaseConnection->initialize()
#2 /home/u691843472/domains/newsexpress520.in/public_html/quiztv/vendor/codeigniter4/framework/system/Database/BaseBuilder.php(1649): CodeIgniter\Database\BaseConnection->query()
#3 /home/u691843472/domains/newsexpress520.in/public_html/quiztv/vendor/codeigniter4/framework/system/Model.php(286): CodeIgniter\Database\BaseBuilder->get()
#4 /home/u691843472/domains/newsexpress520.in/public_html/quiztv/vendor/codeigniter4/framework/system/BaseModel.php(675): CodeIgniter\Model->doFindAll()
#5 /home/u691843472/domains/newsexpress520.in/public_html/quiztv/app/Controllers/HomeController.php(20): CodeIgniter\BaseModel->findAll()
#6 /home/u691843472/domains/newsexpress520.in/public_html/quiztv/vendor/codeigniter4/framework/system/CodeIgniter.php(933): App\Controllers\HomeController->index()
#7 /home/u691843472/domains/newsexpress520.in/public_html/quiztv/vendor/codeigniter4/framework/system/CodeIgniter.php(507): CodeIgniter\CodeIgniter->runController()
#8 /home/u691843472/domains/newsexpress520.in/public_html/quiztv/vendor/codeigniter4/framework/system/CodeIgniter.php(354): CodeIgniter\CodeIgniter->handleRequest()
#9 /home/u691843472/domains/newsexpress520.in/public_html/quiztv/vendor/codeigniter4/framework/system/Boot.php(334): CodeIgniter\CodeIgniter->run()
#10 /home/u691843472/domains/newsexpress520.in/public_html/quiztv/vendor/codeigniter4/framework/system/Boot.php(67): CodeIgniter\Boot::runCodeIgniter()
#11 /home/u691843472/domains/newsexpress520.in/public_html/quiztv/index.php(56): CodeIgniter\Boot::bootWeb()
#12 {main}
CRITICAL - 2026-07-16 10:30:14 --> CodeIgniter\Database\Exceptions\DatabaseException: Unable to connect to the database.
Main connection [MySQLi]: Access denied for user '****'@'localhost' (using password: NO)
[Method: GET, Route: /]
in SYSTEMPATH/Database/BaseConnection.php on line 467.
 1 SYSTEMPATH/Database/BaseConnection.php(620): CodeIgniter\Database\BaseConnection->initialize()
 2 SYSTEMPATH/Database/BaseBuilder.php(1649): CodeIgniter\Database\BaseConnection->query()
 3 SYSTEMPATH/Model.php(286): CodeIgniter\Database\BaseBuilder->get()
 4 SYSTEMPATH/BaseModel.php(675): CodeIgniter\Model->doFindAll()
 5 APPPATH/Controllers/HomeController.php(20): CodeIgniter\BaseModel->findAll()
 6 SYSTEMPATH/CodeIgniter.php(933): App\Controllers\HomeController->index()
 7 SYSTEMPATH/CodeIgniter.php(507): CodeIgniter\CodeIgniter->runController()
 8 SYSTEMPATH/CodeIgniter.php(354): CodeIgniter\CodeIgniter->handleRequest()
 9 SYSTEMPATH/Boot.php(334): CodeIgniter\CodeIgniter->run()
10 SYSTEMPATH/Boot.php(67): CodeIgniter\Boot::runCodeIgniter()
11 FCPATH/index.php(56): CodeIgniter\Boot::bootWeb()
DEBUG - 2026-07-16 10:31:11 --> Session: Class initialized using 'CodeIgniter\Session\Handlers\FileHandler' driver.
DEBUG - 2026-07-16 10:31:18 --> Session: Class initialized using 'CodeIgniter\Session\Handlers\FileHandler' driver.
DEBUG - 2026-07-16 10:31:20 --> Session: Class initialized using 'CodeIgniter\Session\Handlers\FileHandler' driver.
DEBUG - 2026-07-16 10:31:23 --> Session: Class initialized using 'CodeIgniter\Session\Handlers\FileHandler' driver.
DEBUG - 2026-07-16 10:31:28 --> Session: Class initialized using 'CodeIgniter\Session\Handlers\FileHandler' driver.
DEBUG - 2026-07-16 10:31:30 --> Session: Class initialized using 'CodeIgniter\Session\Handlers\FileHandler' driver.
DEBUG - 2026-07-16 10:31:30 --> Session: Class initialized using 'CodeIgniter\Session\Handlers\FileHandler' driver.
DEBUG - 2026-07-16 10:31:33 --> Session: Class initialized using 'CodeIgniter\Session\Handlers\FileHandler' driver.
DEBUG - 2026-07-16 10:31:34 --> Session: Class initialized using 'CodeIgniter\Session\Handlers\FileHandler' driver.
DEBUG - 2026-07-16 10:31:36 --> Session: Class initialized using 'CodeIgniter\Session\Handlers\FileHandler' driver.
DEBUG - 2026-07-16 10:31:38 --> Session: Class initialized using 'CodeIgniter\Session\Handlers\FileHandler' driver.
DEBUG - 2026-07-16 10:32:01 --> Session: Class initialized using 'CodeIgniter\Session\Handlers\FileHandler' driver.
DEBUG - 2026-07-16 10:41:03 --> Session: Class initialized using 'CodeIgniter\Session\Handlers\FileHandler' driver.
DEBUG - 2026-07-16 10:46:04 --> Session: Class initialized using 'CodeIgniter\Session\Handlers\FileHandler' driver.
DEBUG - 2026-07-16 10:46:06 --> Session: Class initialized using 'CodeIgniter\Session\Handlers\FileHandler' driver.
DEBUG - 2026-07-16 10:46:37 --> Session: Class initialized using 'CodeIgniter\Session\Handlers\FileHandler' driver.
DEBUG - 2026-07-16 10:46:45 --> Session: Class initialized using 'CodeIgniter\Session\Handlers\FileHandler' driver.
DEBUG - 2026-07-16 10:46:47 --> Session: Class initialized using 'CodeIgniter\Session\Handlers\FileHandler' driver.
DEBUG - 2026-07-16 10:46:49 --> Session: Class initialized using 'CodeIgniter\Session\Handlers\FileHandler' driver.
DEBUG - 2026-07-16 10:47:25 --> Session: Class initialized using 'CodeIgniter\Session\Handlers\FileHandler' driver.
DEBUG - 2026-07-16 10:47:25 --> Session: Class initialized using 'CodeIgniter\Session\Handlers\FileHandler' driver.
DEBUG - 2026-07-16 10:47:31 --> Session: Class initialized using 'CodeIgniter\Session\Handlers\FileHandler' driver.
DEBUG - 2026-07-16 10:48:28 --> Session: Class initialized using 'CodeIgniter\Session\Handlers\FileHandler' driver.
DEBUG - 2026-07-16 10:48:31 --> Session: Class initialized using 'CodeIgniter\Session\Handlers\FileHandler' driver.
DEBUG - 2026-07-16 10:49:32 --> Session: Class initialized using 'CodeIgniter\Session\Handlers\FileHandler' driver.
DEBUG - 2026-07-16 10:49:41 --> Session: Class initialized using 'CodeIgniter\Session\Handlers\FileHandler' driver.
DEBUG - 2026-07-16 10:49:52 --> Session: Class initialized using 'CodeIgniter\Session\Handlers\FileHandler' driver.
DEBUG - 2026-07-16 10:50:48 --> Session: Class initialized using 'CodeIgniter\Session\Handlers\FileHandler' driver.
DEBUG - 2026-07-16 10:51:41 --> Session: Class initialized using 'CodeIgniter\Session\Handlers\FileHandler' driver.
DEBUG - 2026-07-16 10:51:42 --> Session: Class initialized using 'CodeIgniter\Session\Handlers\FileHandler' driver.
DEBUG - 2026-07-16 10:58:35 --> Session: Class initialized using 'CodeIgniter\Session\Handlers\FileHandler' driver.
DEBUG - 2026-07-16 11:20:30 --> Session: Class initialized using 'CodeIgniter\Session\Handlers\FileHandler' driver.
DEBUG - 2026-07-16 11:20:32 --> Session: Class initialized using 'CodeIgniter\Session\Handlers\FileHandler' driver.
DEBUG - 2026-07-16 11:21:21 --> Session: Class initialized using 'CodeIgniter\Session\Handlers\FileHandler' driver.
DEBUG - 2026-07-16 11:21:31 --> Session: Class initialized using 'CodeIgniter\Session\Handlers\FileHandler' driver.
DEBUG - 2026-07-16 11:21:48 --> Session: Class initialized using 'CodeIgniter\Session\Handlers\FileHandler' driver.
DEBUG - 2026-07-16 11:22:01 --> Session: Class initialized using 'CodeIgniter\Session\Handlers\FileHandler' driver.
DEBUG - 2026-07-16 11:22:04 --> Session: Class initialized using 'CodeIgniter\Session\Handlers\FileHandler' driver.
DEBUG - 2026-07-16 11:24:25 --> Session: Class initialized using 'CodeIgniter\Session\Handlers\FileHandler' driver.
DEBUG - 2026-07-16 11:24:31 --> Session: Class initialized using 'CodeIgniter\Session\Handlers\FileHandler' driver.
DEBUG - 2026-07-16 11:25:29 --> Session: Class initialized using 'CodeIgniter\Session\Handlers\FileHandler' driver.
DEBUG - 2026-07-16 11:25:31 --> Session: Class initialized using 'CodeIgniter\Session\Handlers\FileHandler' driver.
DEBUG - 2026-07-16 11:25:33 --> Session: Class initialized using 'CodeIgniter\Session\Handlers\FileHandler' driver.
DEBUG - 2026-07-16 11:25:36 --> Session: Class initialized using 'CodeIgniter\Session\Handlers\FileHandler' driver.
DEBUG - 2026-07-16 11:25:37 --> Session: Class initialized using 'CodeIgniter\Session\Handlers\FileHandler' driver.
DEBUG - 2026-07-16 11:25:45 --> Session: Class initialized using 'CodeIgniter\Session\Handlers\FileHandler' driver.
DEBUG - 2026-07-16 11:36:35 --> Session: Class initialized using 'CodeIgniter\Session\Handlers\FileHandler' driver.
DEBUG - 2026-07-16 12:50:06 --> Session: Class initialized using 'CodeIgniter\Session\Handlers\FileHandler' driver.
DEBUG - 2026-07-16 13:13:44 --> Session: Class initialized using 'CodeIgniter\Session\Handlers\FileHandler' driver.
DEBUG - 2026-07-16 13:45:53 --> Session: Class initialized using 'CodeIgniter\Session\Handlers\FileHandler' driver.
DEBUG - 2026-07-16 15:22:54 --> Session: Class initialized using 'CodeIgniter\Session\Handlers\FileHandler' driver.
DEBUG - 2026-07-16 15:22:54 --> Session: Class initialized using 'CodeIgniter\Session\Handlers\FileHandler' driver.
DEBUG - 2026-07-16 16:32:48 --> Session: Class initialized using 'CodeIgniter\Session\Handlers\FileHandler' driver.
DEBUG - 2026-07-16 16:32:55 --> Session: Class initialized using 'CodeIgniter\Session\Handlers\FileHandler' driver.
DEBUG - 2026-07-16 16:36:21 --> Session: Class initialized using 'CodeIgniter\Session\Handlers\FileHandler' driver.
DEBUG - 2026-07-16 16:52:05 --> Session: Class initialized using 'CodeIgniter\Session\Handlers\FileHandler' driver.
DEBUG - 2026-07-16 17:19:58 --> Session: Class initialized using 'CodeIgniter\Session\Handlers\FileHandler' driver.
DEBUG - 2026-07-16 22:33:07 --> Session: Class initialized using 'CodeIgniter\Session\Handlers\FileHandler' driver.
DEBUG - 2026-07-16 22:33:13 --> Session: Class initialized using 'CodeIgniter\Session\Handlers\FileHandler' driver.
