ERROR - 2026-08-04 05:37:24 --> Error connecting to the database: mysqli_sql_exception: No connection could be made because the target machine actively refused it in D:\Projects\LHK Media Bitbucket\quiztv-adrev\vendor\codeigniter4\framework\system\Database\MySQLi\Connection.php:202
Stack trace:
#0 D:\Projects\LHK Media Bitbucket\quiztv-adrev\vendor\codeigniter4\framework\system\Database\MySQLi\Connection.php(202): mysqli->real_connect('localhost', 'root', '', 'quiztv', 3306, '', 0)
#1 D:\Projects\LHK Media Bitbucket\quiztv-adrev\vendor\codeigniter4\framework\system\Database\BaseConnection.php(421): CodeIgniter\Database\MySQLi\Connection->connect(false)
#2 D:\Projects\LHK Media Bitbucket\quiztv-adrev\vendor\codeigniter4\framework\system\Test\DatabaseTestTrait.php(83): CodeIgniter\Database\BaseConnection->initialize()
#3 D:\Projects\LHK Media Bitbucket\quiztv-adrev\vendor\codeigniter4\framework\system\Test\DatabaseTestTrait.php(59): ExampleDatabaseTest->loadDependencies()
#4 D:\Projects\LHK Media Bitbucket\quiztv-adrev\vendor\codeigniter4\framework\system\Test\CIUnitTestCase.php(251): ExampleDatabaseTest->setUpDatabase()
#5 D:\Projects\LHK Media Bitbucket\quiztv-adrev\vendor\phpunit\phpunit\src\Framework\TestCase.php(2181): CodeIgniter\Test\CIUnitTestCase->setUp()
#6 D:\Projects\LHK Media Bitbucket\quiztv-adrev\vendor\phpunit\phpunit\src\Framework\TestCase.php(2096): PHPUnit\Framework\TestCase->invokeHookMethods(Array, Object(PHPUnit\Event\DispatchingEmitter), 'testBeforeTestM...', 'testBeforeTestM...', 'testBeforeTestM...')
#7 D:\Projects\LHK Media Bitbucket\quiztv-adrev\vendor\phpunit\phpunit\src\Framework\TestCase.php(678): PHPUnit\Framework\TestCase->invokeBeforeTestHookMethods(Array, Object(PHPUnit\Event\DispatchingEmitter))
#8 D:\Projects\LHK Media Bitbucket\quiztv-adrev\vendor\phpunit\phpunit\src\Framework\TestRunner.php(105): PHPUnit\Framework\TestCase->runBare()
#9 D:\Projects\LHK Media Bitbucket\quiztv-adrev\vendor\phpunit\phpunit\src\Framework\TestCase.php(516): PHPUnit\Framework\TestRunner->run(Object(ExampleDatabaseTest))
#10 D:\Projects\LHK Media Bitbucket\quiztv-adrev\vendor\phpunit\phpunit\src\Framework\TestSuite.php(374): PHPUnit\Framework\TestCase->run()
#11 D:\Projects\LHK Media Bitbucket\quiztv-adrev\vendor\phpunit\phpunit\src\Framework\TestSuite.php(374): PHPUnit\Framework\TestSuite->run()
#12 D:\Projects\LHK Media Bitbucket\quiztv-adrev\vendor\phpunit\phpunit\src\Framework\TestSuite.php(374): PHPUnit\Framework\TestSuite->run()
#13 D:\Projects\LHK Media Bitbucket\quiztv-adrev\vendor\phpunit\phpunit\src\TextUI\TestRunner.php(64): PHPUnit\Framework\TestSuite->run()
#14 D:\Projects\LHK Media Bitbucket\quiztv-adrev\vendor\phpunit\phpunit\src\TextUI\Application.php(204): PHPUnit\TextUI\TestRunner->run(Object(PHPUnit\TextUI\Configuration\Configuration), Object(PHPUnit\Runner\ResultCache\DefaultResultCache), Object(PHPUnit\Framework\TestSuite))
#15 D:\Projects\LHK Media Bitbucket\quiztv-adrev\vendor\phpunit\phpunit\phpunit(104): PHPUnit\TextUI\Application->run(Array)
#16 D:\Projects\LHK Media Bitbucket\quiztv-adrev\vendor\bin\phpunit(122): include('D:\\Projects\\LHK...')
#17 {main}

Next CodeIgniter\Database\Exceptions\DatabaseException: No connection could be made because the target machine actively refused it in D:\Projects\LHK Media Bitbucket\quiztv-adrev\vendor\codeigniter4\framework\system\Database\MySQLi\Connection.php:246
Stack trace:
#0 D:\Projects\LHK Media Bitbucket\quiztv-adrev\vendor\codeigniter4\framework\system\Database\BaseConnection.php(421): CodeIgniter\Database\MySQLi\Connection->connect(false)
#1 D:\Projects\LHK Media Bitbucket\quiztv-adrev\vendor\codeigniter4\framework\system\Test\DatabaseTestTrait.php(83): CodeIgniter\Database\BaseConnection->initialize()
#2 D:\Projects\LHK Media Bitbucket\quiztv-adrev\vendor\codeigniter4\framework\system\Test\DatabaseTestTrait.php(59): ExampleDatabaseTest->loadDependencies()
#3 D:\Projects\LHK Media Bitbucket\quiztv-adrev\vendor\codeigniter4\framework\system\Test\CIUnitTestCase.php(251): ExampleDatabaseTest->setUpDatabase()
#4 D:\Projects\LHK Media Bitbucket\quiztv-adrev\vendor\phpunit\phpunit\src\Framework\TestCase.php(2181): CodeIgniter\Test\CIUnitTestCase->setUp()
#5 D:\Projects\LHK Media Bitbucket\quiztv-adrev\vendor\phpunit\phpunit\src\Framework\TestCase.php(2096): PHPUnit\Framework\TestCase->invokeHookMethods(Array, Object(PHPUnit\Event\DispatchingEmitter), 'testBeforeTestM...', 'testBeforeTestM...', 'testBeforeTestM...')
#6 D:\Projects\LHK Media Bitbucket\quiztv-adrev\vendor\phpunit\phpunit\src\Framework\TestCase.php(678): PHPUnit\Framework\TestCase->invokeBeforeTestHookMethods(Array, Object(PHPUnit\Event\DispatchingEmitter))
#7 D:\Projects\LHK Media Bitbucket\quiztv-adrev\vendor\phpunit\phpunit\src\Framework\TestRunner.php(105): PHPUnit\Framework\TestCase->runBare()
#8 D:\Projects\LHK Media Bitbucket\quiztv-adrev\vendor\phpunit\phpunit\src\Framework\TestCase.php(516): PHPUnit\Framework\TestRunner->run(Object(ExampleDatabaseTest))
#9 D:\Projects\LHK Media Bitbucket\quiztv-adrev\vendor\phpunit\phpunit\src\Framework\TestSuite.php(374): PHPUnit\Framework\TestCase->run()
#10 D:\Projects\LHK Media Bitbucket\quiztv-adrev\vendor\phpunit\phpunit\src\Framework\TestSuite.php(374): PHPUnit\Framework\TestSuite->run()
#11 D:\Projects\LHK Media Bitbucket\quiztv-adrev\vendor\phpunit\phpunit\src\Framework\TestSuite.php(374): PHPUnit\Framework\TestSuite->run()
#12 D:\Projects\LHK Media Bitbucket\quiztv-adrev\vendor\phpunit\phpunit\src\TextUI\TestRunner.php(64): PHPUnit\Framework\TestSuite->run()
#13 D:\Projects\LHK Media Bitbucket\quiztv-adrev\vendor\phpunit\phpunit\src\TextUI\Application.php(204): PHPUnit\TextUI\TestRunner->run(Object(PHPUnit\TextUI\Configuration\Configuration), Object(PHPUnit\Runner\ResultCache\DefaultResultCache), Object(PHPUnit\Framework\TestSuite))
#14 D:\Projects\LHK Media Bitbucket\quiztv-adrev\vendor\phpunit\phpunit\phpunit(104): PHPUnit\TextUI\Application->run(Array)
#15 D:\Projects\LHK Media Bitbucket\quiztv-adrev\vendor\bin\phpunit(122): include('D:\\Projects\\LHK...')
#16 {main}
ERROR - 2026-08-04 05:37:28 --> Error connecting to the database: mysqli_sql_exception: No connection could be made because the target machine actively refused it in D:\Projects\LHK Media Bitbucket\quiztv-adrev\vendor\codeigniter4\framework\system\Database\MySQLi\Connection.php:202
Stack trace:
#0 D:\Projects\LHK Media Bitbucket\quiztv-adrev\vendor\codeigniter4\framework\system\Database\MySQLi\Connection.php(202): mysqli->real_connect('localhost', 'root', '', 'quiztv', 3306, '', 0)
#1 D:\Projects\LHK Media Bitbucket\quiztv-adrev\vendor\codeigniter4\framework\system\Database\BaseConnection.php(421): CodeIgniter\Database\MySQLi\Connection->connect(false)
#2 D:\Projects\LHK Media Bitbucket\quiztv-adrev\vendor\codeigniter4\framework\system\Test\DatabaseTestTrait.php(83): CodeIgniter\Database\BaseConnection->initialize()
#3 D:\Projects\LHK Media Bitbucket\quiztv-adrev\vendor\codeigniter4\framework\system\Test\DatabaseTestTrait.php(59): ExampleDatabaseTest->loadDependencies()
#4 D:\Projects\LHK Media Bitbucket\quiztv-adrev\vendor\codeigniter4\framework\system\Test\CIUnitTestCase.php(251): ExampleDatabaseTest->setUpDatabase()
#5 D:\Projects\LHK Media Bitbucket\quiztv-adrev\vendor\phpunit\phpunit\src\Framework\TestCase.php(2181): CodeIgniter\Test\CIUnitTestCase->setUp()
#6 D:\Projects\LHK Media Bitbucket\quiztv-adrev\vendor\phpunit\phpunit\src\Framework\TestCase.php(2096): PHPUnit\Framework\TestCase->invokeHookMethods(Array, Object(PHPUnit\Event\DispatchingEmitter), 'testBeforeTestM...', 'testBeforeTestM...', 'testBeforeTestM...')
#7 D:\Projects\LHK Media Bitbucket\quiztv-adrev\vendor\phpunit\phpunit\src\Framework\TestCase.php(678): PHPUnit\Framework\TestCase->invokeBeforeTestHookMethods(Array, Object(PHPUnit\Event\DispatchingEmitter))
#8 D:\Projects\LHK Media Bitbucket\quiztv-adrev\vendor\phpunit\phpunit\src\Framework\TestRunner.php(105): PHPUnit\Framework\TestCase->runBare()
#9 D:\Projects\LHK Media Bitbucket\quiztv-adrev\vendor\phpunit\phpunit\src\Framework\TestCase.php(516): PHPUnit\Framework\TestRunner->run(Object(ExampleDatabaseTest))
#10 D:\Projects\LHK Media Bitbucket\quiztv-adrev\vendor\phpunit\phpunit\src\Framework\TestSuite.php(374): PHPUnit\Framework\TestCase->run()
#11 D:\Projects\LHK Media Bitbucket\quiztv-adrev\vendor\phpunit\phpunit\src\Framework\TestSuite.php(374): PHPUnit\Framework\TestSuite->run()
#12 D:\Projects\LHK Media Bitbucket\quiztv-adrev\vendor\phpunit\phpunit\src\Framework\TestSuite.php(374): PHPUnit\Framework\TestSuite->run()
#13 D:\Projects\LHK Media Bitbucket\quiztv-adrev\vendor\phpunit\phpunit\src\TextUI\TestRunner.php(64): PHPUnit\Framework\TestSuite->run()
#14 D:\Projects\LHK Media Bitbucket\quiztv-adrev\vendor\phpunit\phpunit\src\TextUI\Application.php(204): PHPUnit\TextUI\TestRunner->run(Object(PHPUnit\TextUI\Configuration\Configuration), Object(PHPUnit\Runner\ResultCache\DefaultResultCache), Object(PHPUnit\Framework\TestSuite))
#15 D:\Projects\LHK Media Bitbucket\quiztv-adrev\vendor\phpunit\phpunit\phpunit(104): PHPUnit\TextUI\Application->run(Array)
#16 D:\Projects\LHK Media Bitbucket\quiztv-adrev\vendor\bin\phpunit(122): include('D:\\Projects\\LHK...')
#17 {main}

Next CodeIgniter\Database\Exceptions\DatabaseException: No connection could be made because the target machine actively refused it in D:\Projects\LHK Media Bitbucket\quiztv-adrev\vendor\codeigniter4\framework\system\Database\MySQLi\Connection.php:246
Stack trace:
#0 D:\Projects\LHK Media Bitbucket\quiztv-adrev\vendor\codeigniter4\framework\system\Database\BaseConnection.php(421): CodeIgniter\Database\MySQLi\Connection->connect(false)
#1 D:\Projects\LHK Media Bitbucket\quiztv-adrev\vendor\codeigniter4\framework\system\Test\DatabaseTestTrait.php(83): CodeIgniter\Database\BaseConnection->initialize()
#2 D:\Projects\LHK Media Bitbucket\quiztv-adrev\vendor\codeigniter4\framework\system\Test\DatabaseTestTrait.php(59): ExampleDatabaseTest->loadDependencies()
#3 D:\Projects\LHK Media Bitbucket\quiztv-adrev\vendor\codeigniter4\framework\system\Test\CIUnitTestCase.php(251): ExampleDatabaseTest->setUpDatabase()
#4 D:\Projects\LHK Media Bitbucket\quiztv-adrev\vendor\phpunit\phpunit\src\Framework\TestCase.php(2181): CodeIgniter\Test\CIUnitTestCase->setUp()
#5 D:\Projects\LHK Media Bitbucket\quiztv-adrev\vendor\phpunit\phpunit\src\Framework\TestCase.php(2096): PHPUnit\Framework\TestCase->invokeHookMethods(Array, Object(PHPUnit\Event\DispatchingEmitter), 'testBeforeTestM...', 'testBeforeTestM...', 'testBeforeTestM...')
#6 D:\Projects\LHK Media Bitbucket\quiztv-adrev\vendor\phpunit\phpunit\src\Framework\TestCase.php(678): PHPUnit\Framework\TestCase->invokeBeforeTestHookMethods(Array, Object(PHPUnit\Event\DispatchingEmitter))
#7 D:\Projects\LHK Media Bitbucket\quiztv-adrev\vendor\phpunit\phpunit\src\Framework\TestRunner.php(105): PHPUnit\Framework\TestCase->runBare()
#8 D:\Projects\LHK Media Bitbucket\quiztv-adrev\vendor\phpunit\phpunit\src\Framework\TestCase.php(516): PHPUnit\Framework\TestRunner->run(Object(ExampleDatabaseTest))
#9 D:\Projects\LHK Media Bitbucket\quiztv-adrev\vendor\phpunit\phpunit\src\Framework\TestSuite.php(374): PHPUnit\Framework\TestCase->run()
#10 D:\Projects\LHK Media Bitbucket\quiztv-adrev\vendor\phpunit\phpunit\src\Framework\TestSuite.php(374): PHPUnit\Framework\TestSuite->run()
#11 D:\Projects\LHK Media Bitbucket\quiztv-adrev\vendor\phpunit\phpunit\src\Framework\TestSuite.php(374): PHPUnit\Framework\TestSuite->run()
#12 D:\Projects\LHK Media Bitbucket\quiztv-adrev\vendor\phpunit\phpunit\src\TextUI\TestRunner.php(64): PHPUnit\Framework\TestSuite->run()
#13 D:\Projects\LHK Media Bitbucket\quiztv-adrev\vendor\phpunit\phpunit\src\TextUI\Application.php(204): PHPUnit\TextUI\TestRunner->run(Object(PHPUnit\TextUI\Configuration\Configuration), Object(PHPUnit\Runner\ResultCache\DefaultResultCache), Object(PHPUnit\Framework\TestSuite))
#14 D:\Projects\LHK Media Bitbucket\quiztv-adrev\vendor\phpunit\phpunit\phpunit(104): PHPUnit\TextUI\Application->run(Array)
#15 D:\Projects\LHK Media Bitbucket\quiztv-adrev\vendor\bin\phpunit(122): include('D:\\Projects\\LHK...')
#16 {main}
ERROR - 2026-08-04 05:37:32 --> Error connecting to the database: mysqli_sql_exception: No connection could be made because the target machine actively refused it in D:\Projects\LHK Media Bitbucket\quiztv-adrev\vendor\codeigniter4\framework\system\Database\MySQLi\Connection.php:202
Stack trace:
#0 D:\Projects\LHK Media Bitbucket\quiztv-adrev\vendor\codeigniter4\framework\system\Database\MySQLi\Connection.php(202): mysqli->real_connect('localhost', 'root', '', 'quiztv', 3306, '', 0)
#1 D:\Projects\LHK Media Bitbucket\quiztv-adrev\vendor\codeigniter4\framework\system\Database\BaseConnection.php(421): CodeIgniter\Database\MySQLi\Connection->connect(false)
#2 D:\Projects\LHK Media Bitbucket\quiztv-adrev\vendor\codeigniter4\framework\system\Test\DatabaseTestTrait.php(83): CodeIgniter\Database\BaseConnection->initialize()
#3 D:\Projects\LHK Media Bitbucket\quiztv-adrev\vendor\codeigniter4\framework\system\Test\DatabaseTestTrait.php(59): AdsTxtTest->loadDependencies()
#4 D:\Projects\LHK Media Bitbucket\quiztv-adrev\vendor\codeigniter4\framework\system\Test\CIUnitTestCase.php(251): AdsTxtTest->setUpDatabase()
#5 D:\Projects\LHK Media Bitbucket\quiztv-adrev\vendor\phpunit\phpunit\src\Framework\TestCase.php(2181): CodeIgniter\Test\CIUnitTestCase->setUp()
#6 D:\Projects\LHK Media Bitbucket\quiztv-adrev\vendor\phpunit\phpunit\src\Framework\TestCase.php(2096): PHPUnit\Framework\TestCase->invokeHookMethods(Array, Object(PHPUnit\Event\DispatchingEmitter), 'testBeforeTestM...', 'testBeforeTestM...', 'testBeforeTestM...')
#7 D:\Projects\LHK Media Bitbucket\quiztv-adrev\vendor\phpunit\phpunit\src\Framework\TestCase.php(678): PHPUnit\Framework\TestCase->invokeBeforeTestHookMethods(Array, Object(PHPUnit\Event\DispatchingEmitter))
#8 D:\Projects\LHK Media Bitbucket\quiztv-adrev\vendor\phpunit\phpunit\src\Framework\TestRunner.php(105): PHPUnit\Framework\TestCase->runBare()
#9 D:\Projects\LHK Media Bitbucket\quiztv-adrev\vendor\phpunit\phpunit\src\Framework\TestCase.php(516): PHPUnit\Framework\TestRunner->run(Object(AdsTxtTest))
#10 D:\Projects\LHK Media Bitbucket\quiztv-adrev\vendor\phpunit\phpunit\src\Framework\TestSuite.php(374): PHPUnit\Framework\TestCase->run()
#11 D:\Projects\LHK Media Bitbucket\quiztv-adrev\vendor\phpunit\phpunit\src\Framework\TestSuite.php(374): PHPUnit\Framework\TestSuite->run()
#12 D:\Projects\LHK Media Bitbucket\quiztv-adrev\vendor\phpunit\phpunit\src\Framework\TestSuite.php(374): PHPUnit\Framework\TestSuite->run()
#13 D:\Projects\LHK Media Bitbucket\quiztv-adrev\vendor\phpunit\phpunit\src\TextUI\TestRunner.php(64): PHPUnit\Framework\TestSuite->run()
#14 D:\Projects\LHK Media Bitbucket\quiztv-adrev\vendor\phpunit\phpunit\src\TextUI\Application.php(204): PHPUnit\TextUI\TestRunner->run(Object(PHPUnit\TextUI\Configuration\Configuration), Object(PHPUnit\Runner\ResultCache\DefaultResultCache), Object(PHPUnit\Framework\TestSuite))
#15 D:\Projects\LHK Media Bitbucket\quiztv-adrev\vendor\phpunit\phpunit\phpunit(104): PHPUnit\TextUI\Application->run(Array)
#16 D:\Projects\LHK Media Bitbucket\quiztv-adrev\vendor\bin\phpunit(122): include('D:\\Projects\\LHK...')
#17 {main}

Next CodeIgniter\Database\Exceptions\DatabaseException: No connection could be made because the target machine actively refused it in D:\Projects\LHK Media Bitbucket\quiztv-adrev\vendor\codeigniter4\framework\system\Database\MySQLi\Connection.php:246
Stack trace:
#0 D:\Projects\LHK Media Bitbucket\quiztv-adrev\vendor\codeigniter4\framework\system\Database\BaseConnection.php(421): CodeIgniter\Database\MySQLi\Connection->connect(false)
#1 D:\Projects\LHK Media Bitbucket\quiztv-adrev\vendor\codeigniter4\framework\system\Test\DatabaseTestTrait.php(83): CodeIgniter\Database\BaseConnection->initialize()
#2 D:\Projects\LHK Media Bitbucket\quiztv-adrev\vendor\codeigniter4\framework\system\Test\DatabaseTestTrait.php(59): AdsTxtTest->loadDependencies()
#3 D:\Projects\LHK Media Bitbucket\quiztv-adrev\vendor\codeigniter4\framework\system\Test\CIUnitTestCase.php(251): AdsTxtTest->setUpDatabase()
#4 D:\Projects\LHK Media Bitbucket\quiztv-adrev\vendor\phpunit\phpunit\src\Framework\TestCase.php(2181): CodeIgniter\Test\CIUnitTestCase->setUp()
#5 D:\Projects\LHK Media Bitbucket\quiztv-adrev\vendor\phpunit\phpunit\src\Framework\TestCase.php(2096): PHPUnit\Framework\TestCase->invokeHookMethods(Array, Object(PHPUnit\Event\DispatchingEmitter), 'testBeforeTestM...', 'testBeforeTestM...', 'testBeforeTestM...')
#6 D:\Projects\LHK Media Bitbucket\quiztv-adrev\vendor\phpunit\phpunit\src\Framework\TestCase.php(678): PHPUnit\Framework\TestCase->invokeBeforeTestHookMethods(Array, Object(PHPUnit\Event\DispatchingEmitter))
#7 D:\Projects\LHK Media Bitbucket\quiztv-adrev\vendor\phpunit\phpunit\src\Framework\TestRunner.php(105): PHPUnit\Framework\TestCase->runBare()
#8 D:\Projects\LHK Media Bitbucket\quiztv-adrev\vendor\phpunit\phpunit\src\Framework\TestCase.php(516): PHPUnit\Framework\TestRunner->run(Object(AdsTxtTest))
#9 D:\Projects\LHK Media Bitbucket\quiztv-adrev\vendor\phpunit\phpunit\src\Framework\TestSuite.php(374): PHPUnit\Framework\TestCase->run()
#10 D:\Projects\LHK Media Bitbucket\quiztv-adrev\vendor\phpunit\phpunit\src\Framework\TestSuite.php(374): PHPUnit\Framework\TestSuite->run()
#11 D:\Projects\LHK Media Bitbucket\quiztv-adrev\vendor\phpunit\phpunit\src\Framework\TestSuite.php(374): PHPUnit\Framework\TestSuite->run()
#12 D:\Projects\LHK Media Bitbucket\quiztv-adrev\vendor\phpunit\phpunit\src\TextUI\TestRunner.php(64): PHPUnit\Framework\TestSuite->run()
#13 D:\Projects\LHK Media Bitbucket\quiztv-adrev\vendor\phpunit\phpunit\src\TextUI\Application.php(204): PHPUnit\TextUI\TestRunner->run(Object(PHPUnit\TextUI\Configuration\Configuration), Object(PHPUnit\Runner\ResultCache\DefaultResultCache), Object(PHPUnit\Framework\TestSuite))
#14 D:\Projects\LHK Media Bitbucket\quiztv-adrev\vendor\phpunit\phpunit\phpunit(104): PHPUnit\TextUI\Application->run(Array)
#15 D:\Projects\LHK Media Bitbucket\quiztv-adrev\vendor\bin\phpunit(122): include('D:\\Projects\\LHK...')
#16 {main}
ERROR - 2026-08-04 05:37:36 --> Error connecting to the database: mysqli_sql_exception: No connection could be made because the target machine actively refused it in D:\Projects\LHK Media Bitbucket\quiztv-adrev\vendor\codeigniter4\framework\system\Database\MySQLi\Connection.php:202
Stack trace:
#0 D:\Projects\LHK Media Bitbucket\quiztv-adrev\vendor\codeigniter4\framework\system\Database\MySQLi\Connection.php(202): mysqli->real_connect('localhost', 'root', '', 'quiztv', 3306, '', 0)
#1 D:\Projects\LHK Media Bitbucket\quiztv-adrev\vendor\codeigniter4\framework\system\Database\BaseConnection.php(421): CodeIgniter\Database\MySQLi\Connection->connect(false)
#2 D:\Projects\LHK Media Bitbucket\quiztv-adrev\vendor\codeigniter4\framework\system\Test\DatabaseTestTrait.php(83): CodeIgniter\Database\BaseConnection->initialize()
#3 D:\Projects\LHK Media Bitbucket\quiztv-adrev\vendor\codeigniter4\framework\system\Test\DatabaseTestTrait.php(59): AdsTxtTest->loadDependencies()
#4 D:\Projects\LHK Media Bitbucket\quiztv-adrev\vendor\codeigniter4\framework\system\Test\CIUnitTestCase.php(251): AdsTxtTest->setUpDatabase()
#5 D:\Projects\LHK Media Bitbucket\quiztv-adrev\vendor\phpunit\phpunit\src\Framework\TestCase.php(2181): CodeIgniter\Test\CIUnitTestCase->setUp()
#6 D:\Projects\LHK Media Bitbucket\quiztv-adrev\vendor\phpunit\phpunit\src\Framework\TestCase.php(2096): PHPUnit\Framework\TestCase->invokeHookMethods(Array, Object(PHPUnit\Event\DispatchingEmitter), 'testBeforeTestM...', 'testBeforeTestM...', 'testBeforeTestM...')
#7 D:\Projects\LHK Media Bitbucket\quiztv-adrev\vendor\phpunit\phpunit\src\Framework\TestCase.php(678): PHPUnit\Framework\TestCase->invokeBeforeTestHookMethods(Array, Object(PHPUnit\Event\DispatchingEmitter))
#8 D:\Projects\LHK Media Bitbucket\quiztv-adrev\vendor\phpunit\phpunit\src\Framework\TestRunner.php(105): PHPUnit\Framework\TestCase->runBare()
#9 D:\Projects\LHK Media Bitbucket\quiztv-adrev\vendor\phpunit\phpunit\src\Framework\TestCase.php(516): PHPUnit\Framework\TestRunner->run(Object(AdsTxtTest))
#10 D:\Projects\LHK Media Bitbucket\quiztv-adrev\vendor\phpunit\phpunit\src\Framework\TestSuite.php(374): PHPUnit\Framework\TestCase->run()
#11 D:\Projects\LHK Media Bitbucket\quiztv-adrev\vendor\phpunit\phpunit\src\Framework\TestSuite.php(374): PHPUnit\Framework\TestSuite->run()
#12 D:\Projects\LHK Media Bitbucket\quiztv-adrev\vendor\phpunit\phpunit\src\Framework\TestSuite.php(374): PHPUnit\Framework\TestSuite->run()
#13 D:\Projects\LHK Media Bitbucket\quiztv-adrev\vendor\phpunit\phpunit\src\TextUI\TestRunner.php(64): PHPUnit\Framework\TestSuite->run()
#14 D:\Projects\LHK Media Bitbucket\quiztv-adrev\vendor\phpunit\phpunit\src\TextUI\Application.php(204): PHPUnit\TextUI\TestRunner->run(Object(PHPUnit\TextUI\Configuration\Configuration), Object(PHPUnit\Runner\ResultCache\DefaultResultCache), Object(PHPUnit\Framework\TestSuite))
#15 D:\Projects\LHK Media Bitbucket\quiztv-adrev\vendor\phpunit\phpunit\phpunit(104): PHPUnit\TextUI\Application->run(Array)
#16 D:\Projects\LHK Media Bitbucket\quiztv-adrev\vendor\bin\phpunit(122): include('D:\\Projects\\LHK...')
#17 {main}

Next CodeIgniter\Database\Exceptions\DatabaseException: No connection could be made because the target machine actively refused it in D:\Projects\LHK Media Bitbucket\quiztv-adrev\vendor\codeigniter4\framework\system\Database\MySQLi\Connection.php:246
Stack trace:
#0 D:\Projects\LHK Media Bitbucket\quiztv-adrev\vendor\codeigniter4\framework\system\Database\BaseConnection.php(421): CodeIgniter\Database\MySQLi\Connection->connect(false)
#1 D:\Projects\LHK Media Bitbucket\quiztv-adrev\vendor\codeigniter4\framework\system\Test\DatabaseTestTrait.php(83): CodeIgniter\Database\BaseConnection->initialize()
#2 D:\Projects\LHK Media Bitbucket\quiztv-adrev\vendor\codeigniter4\framework\system\Test\DatabaseTestTrait.php(59): AdsTxtTest->loadDependencies()
#3 D:\Projects\LHK Media Bitbucket\quiztv-adrev\vendor\codeigniter4\framework\system\Test\CIUnitTestCase.php(251): AdsTxtTest->setUpDatabase()
#4 D:\Projects\LHK Media Bitbucket\quiztv-adrev\vendor\phpunit\phpunit\src\Framework\TestCase.php(2181): CodeIgniter\Test\CIUnitTestCase->setUp()
#5 D:\Projects\LHK Media Bitbucket\quiztv-adrev\vendor\phpunit\phpunit\src\Framework\TestCase.php(2096): PHPUnit\Framework\TestCase->invokeHookMethods(Array, Object(PHPUnit\Event\DispatchingEmitter), 'testBeforeTestM...', 'testBeforeTestM...', 'testBeforeTestM...')
#6 D:\Projects\LHK Media Bitbucket\quiztv-adrev\vendor\phpunit\phpunit\src\Framework\TestCase.php(678): PHPUnit\Framework\TestCase->invokeBeforeTestHookMethods(Array, Object(PHPUnit\Event\DispatchingEmitter))
#7 D:\Projects\LHK Media Bitbucket\quiztv-adrev\vendor\phpunit\phpunit\src\Framework\TestRunner.php(105): PHPUnit\Framework\TestCase->runBare()
#8 D:\Projects\LHK Media Bitbucket\quiztv-adrev\vendor\phpunit\phpunit\src\Framework\TestCase.php(516): PHPUnit\Framework\TestRunner->run(Object(AdsTxtTest))
#9 D:\Projects\LHK Media Bitbucket\quiztv-adrev\vendor\phpunit\phpunit\src\Framework\TestSuite.php(374): PHPUnit\Framework\TestCase->run()
#10 D:\Projects\LHK Media Bitbucket\quiztv-adrev\vendor\phpunit\phpunit\src\Framework\TestSuite.php(374): PHPUnit\Framework\TestSuite->run()
#11 D:\Projects\LHK Media Bitbucket\quiztv-adrev\vendor\phpunit\phpunit\src\Framework\TestSuite.php(374): PHPUnit\Framework\TestSuite->run()
#12 D:\Projects\LHK Media Bitbucket\quiztv-adrev\vendor\phpunit\phpunit\src\TextUI\TestRunner.php(64): PHPUnit\Framework\TestSuite->run()
#13 D:\Projects\LHK Media Bitbucket\quiztv-adrev\vendor\phpunit\phpunit\src\TextUI\Application.php(204): PHPUnit\TextUI\TestRunner->run(Object(PHPUnit\TextUI\Configuration\Configuration), Object(PHPUnit\Runner\ResultCache\DefaultResultCache), Object(PHPUnit\Framework\TestSuite))
#14 D:\Projects\LHK Media Bitbucket\quiztv-adrev\vendor\phpunit\phpunit\phpunit(104): PHPUnit\TextUI\Application->run(Array)
#15 D:\Projects\LHK Media Bitbucket\quiztv-adrev\vendor\bin\phpunit(122): include('D:\\Projects\\LHK...')
#16 {main}
ERROR - 2026-08-04 05:37:40 --> Error connecting to the database: mysqli_sql_exception: No connection could be made because the target machine actively refused it in D:\Projects\LHK Media Bitbucket\quiztv-adrev\vendor\codeigniter4\framework\system\Database\MySQLi\Connection.php:202
Stack trace:
#0 D:\Projects\LHK Media Bitbucket\quiztv-adrev\vendor\codeigniter4\framework\system\Database\MySQLi\Connection.php(202): mysqli->real_connect('localhost', 'root', '', 'quiztv', 3306, '', 0)
#1 D:\Projects\LHK Media Bitbucket\quiztv-adrev\vendor\codeigniter4\framework\system\Database\BaseConnection.php(421): CodeIgniter\Database\MySQLi\Connection->connect(false)
#2 D:\Projects\LHK Media Bitbucket\quiztv-adrev\vendor\codeigniter4\framework\system\Test\DatabaseTestTrait.php(83): CodeIgniter\Database\BaseConnection->initialize()
#3 D:\Projects\LHK Media Bitbucket\quiztv-adrev\vendor\codeigniter4\framework\system\Test\DatabaseTestTrait.php(59): ScriptSettingsTest->loadDependencies()
#4 D:\Projects\LHK Media Bitbucket\quiztv-adrev\vendor\codeigniter4\framework\system\Test\CIUnitTestCase.php(251): ScriptSettingsTest->setUpDatabase()
#5 D:\Projects\LHK Media Bitbucket\quiztv-adrev\tests\unit\ScriptSettingsTest.php(22): CodeIgniter\Test\CIUnitTestCase->setUp()
#6 D:\Projects\LHK Media Bitbucket\quiztv-adrev\vendor\phpunit\phpunit\src\Framework\TestCase.php(2181): ScriptSettingsTest->setUp()
#7 D:\Projects\LHK Media Bitbucket\quiztv-adrev\vendor\phpunit\phpunit\src\Framework\TestCase.php(2096): PHPUnit\Framework\TestCase->invokeHookMethods(Array, Object(PHPUnit\Event\DispatchingEmitter), 'testBeforeTestM...', 'testBeforeTestM...', 'testBeforeTestM...')
#8 D:\Projects\LHK Media Bitbucket\quiztv-adrev\vendor\phpunit\phpunit\src\Framework\TestCase.php(678): PHPUnit\Framework\TestCase->invokeBeforeTestHookMethods(Array, Object(PHPUnit\Event\DispatchingEmitter))
#9 D:\Projects\LHK Media Bitbucket\quiztv-adrev\vendor\phpunit\phpunit\src\Framework\TestRunner.php(105): PHPUnit\Framework\TestCase->runBare()
#10 D:\Projects\LHK Media Bitbucket\quiztv-adrev\vendor\phpunit\phpunit\src\Framework\TestCase.php(516): PHPUnit\Framework\TestRunner->run(Object(ScriptSettingsTest))
#11 D:\Projects\LHK Media Bitbucket\quiztv-adrev\vendor\phpunit\phpunit\src\Framework\TestSuite.php(374): PHPUnit\Framework\TestCase->run()
#12 D:\Projects\LHK Media Bitbucket\quiztv-adrev\vendor\phpunit\phpunit\src\Framework\TestSuite.php(374): PHPUnit\Framework\TestSuite->run()
#13 D:\Projects\LHK Media Bitbucket\quiztv-adrev\vendor\phpunit\phpunit\src\Framework\TestSuite.php(374): PHPUnit\Framework\TestSuite->run()
#14 D:\Projects\LHK Media Bitbucket\quiztv-adrev\vendor\phpunit\phpunit\src\TextUI\TestRunner.php(64): PHPUnit\Framework\TestSuite->run()
#15 D:\Projects\LHK Media Bitbucket\quiztv-adrev\vendor\phpunit\phpunit\src\TextUI\Application.php(204): PHPUnit\TextUI\TestRunner->run(Object(PHPUnit\TextUI\Configuration\Configuration), Object(PHPUnit\Runner\ResultCache\DefaultResultCache), Object(PHPUnit\Framework\TestSuite))
#16 D:\Projects\LHK Media Bitbucket\quiztv-adrev\vendor\phpunit\phpunit\phpunit(104): PHPUnit\TextUI\Application->run(Array)
#17 D:\Projects\LHK Media Bitbucket\quiztv-adrev\vendor\bin\phpunit(122): include('D:\\Projects\\LHK...')
#18 {main}

Next CodeIgniter\Database\Exceptions\DatabaseException: No connection could be made because the target machine actively refused it in D:\Projects\LHK Media Bitbucket\quiztv-adrev\vendor\codeigniter4\framework\system\Database\MySQLi\Connection.php:246
Stack trace:
#0 D:\Projects\LHK Media Bitbucket\quiztv-adrev\vendor\codeigniter4\framework\system\Database\BaseConnection.php(421): CodeIgniter\Database\MySQLi\Connection->connect(false)
#1 D:\Projects\LHK Media Bitbucket\quiztv-adrev\vendor\codeigniter4\framework\system\Test\DatabaseTestTrait.php(83): CodeIgniter\Database\BaseConnection->initialize()
#2 D:\Projects\LHK Media Bitbucket\quiztv-adrev\vendor\codeigniter4\framework\system\Test\DatabaseTestTrait.php(59): ScriptSettingsTest->loadDependencies()
#3 D:\Projects\LHK Media Bitbucket\quiztv-adrev\vendor\codeigniter4\framework\system\Test\CIUnitTestCase.php(251): ScriptSettingsTest->setUpDatabase()
#4 D:\Projects\LHK Media Bitbucket\quiztv-adrev\tests\unit\ScriptSettingsTest.php(22): CodeIgniter\Test\CIUnitTestCase->setUp()
#5 D:\Projects\LHK Media Bitbucket\quiztv-adrev\vendor\phpunit\phpunit\src\Framework\TestCase.php(2181): ScriptSettingsTest->setUp()
#6 D:\Projects\LHK Media Bitbucket\quiztv-adrev\vendor\phpunit\phpunit\src\Framework\TestCase.php(2096): PHPUnit\Framework\TestCase->invokeHookMethods(Array, Object(PHPUnit\Event\DispatchingEmitter), 'testBeforeTestM...', 'testBeforeTestM...', 'testBeforeTestM...')
#7 D:\Projects\LHK Media Bitbucket\quiztv-adrev\vendor\phpunit\phpunit\src\Framework\TestCase.php(678): PHPUnit\Framework\TestCase->invokeBeforeTestHookMethods(Array, Object(PHPUnit\Event\DispatchingEmitter))
#8 D:\Projects\LHK Media Bitbucket\quiztv-adrev\vendor\phpunit\phpunit\src\Framework\TestRunner.php(105): PHPUnit\Framework\TestCase->runBare()
#9 D:\Projects\LHK Media Bitbucket\quiztv-adrev\vendor\phpunit\phpunit\src\Framework\TestCase.php(516): PHPUnit\Framework\TestRunner->run(Object(ScriptSettingsTest))
#10 D:\Projects\LHK Media Bitbucket\quiztv-adrev\vendor\phpunit\phpunit\src\Framework\TestSuite.php(374): PHPUnit\Framework\TestCase->run()
#11 D:\Projects\LHK Media Bitbucket\quiztv-adrev\vendor\phpunit\phpunit\src\Framework\TestSuite.php(374): PHPUnit\Framework\TestSuite->run()
#12 D:\Projects\LHK Media Bitbucket\quiztv-adrev\vendor\phpunit\phpunit\src\Framework\TestSuite.php(374): PHPUnit\Framework\TestSuite->run()
#13 D:\Projects\LHK Media Bitbucket\quiztv-adrev\vendor\phpunit\phpunit\src\TextUI\TestRunner.php(64): PHPUnit\Framework\TestSuite->run()
#14 D:\Projects\LHK Media Bitbucket\quiztv-adrev\vendor\phpunit\phpunit\src\TextUI\Application.php(204): PHPUnit\TextUI\TestRunner->run(Object(PHPUnit\TextUI\Configuration\Configuration), Object(PHPUnit\Runner\ResultCache\DefaultResultCache), Object(PHPUnit\Framework\TestSuite))
#15 D:\Projects\LHK Media Bitbucket\quiztv-adrev\vendor\phpunit\phpunit\phpunit(104): PHPUnit\TextUI\Application->run(Array)
#16 D:\Projects\LHK Media Bitbucket\quiztv-adrev\vendor\bin\phpunit(122): include('D:\\Projects\\LHK...')
#17 {main}
ERROR - 2026-08-04 05:37:44 --> Error connecting to the database: mysqli_sql_exception: No connection could be made because the target machine actively refused it in D:\Projects\LHK Media Bitbucket\quiztv-adrev\vendor\codeigniter4\framework\system\Database\MySQLi\Connection.php:202
Stack trace:
#0 D:\Projects\LHK Media Bitbucket\quiztv-adrev\vendor\codeigniter4\framework\system\Database\MySQLi\Connection.php(202): mysqli->real_connect('localhost', 'root', '', 'quiztv', 3306, '', 0)
#1 D:\Projects\LHK Media Bitbucket\quiztv-adrev\vendor\codeigniter4\framework\system\Database\BaseConnection.php(421): CodeIgniter\Database\MySQLi\Connection->connect(false)
#2 D:\Projects\LHK Media Bitbucket\quiztv-adrev\vendor\codeigniter4\framework\system\Test\DatabaseTestTrait.php(83): CodeIgniter\Database\BaseConnection->initialize()
#3 D:\Projects\LHK Media Bitbucket\quiztv-adrev\vendor\codeigniter4\framework\system\Test\DatabaseTestTrait.php(59): ScriptSettingsTest->loadDependencies()
#4 D:\Projects\LHK Media Bitbucket\quiztv-adrev\vendor\codeigniter4\framework\system\Test\CIUnitTestCase.php(251): ScriptSettingsTest->setUpDatabase()
#5 D:\Projects\LHK Media Bitbucket\quiztv-adrev\tests\unit\ScriptSettingsTest.php(22): CodeIgniter\Test\CIUnitTestCase->setUp()
#6 D:\Projects\LHK Media Bitbucket\quiztv-adrev\vendor\phpunit\phpunit\src\Framework\TestCase.php(2181): ScriptSettingsTest->setUp()
#7 D:\Projects\LHK Media Bitbucket\quiztv-adrev\vendor\phpunit\phpunit\src\Framework\TestCase.php(2096): PHPUnit\Framework\TestCase->invokeHookMethods(Array, Object(PHPUnit\Event\DispatchingEmitter), 'testBeforeTestM...', 'testBeforeTestM...', 'testBeforeTestM...')
#8 D:\Projects\LHK Media Bitbucket\quiztv-adrev\vendor\phpunit\phpunit\src\Framework\TestCase.php(678): PHPUnit\Framework\TestCase->invokeBeforeTestHookMethods(Array, Object(PHPUnit\Event\DispatchingEmitter))
#9 D:\Projects\LHK Media Bitbucket\quiztv-adrev\vendor\phpunit\phpunit\src\Framework\TestRunner.php(105): PHPUnit\Framework\TestCase->runBare()
#10 D:\Projects\LHK Media Bitbucket\quiztv-adrev\vendor\phpunit\phpunit\src\Framework\TestCase.php(516): PHPUnit\Framework\TestRunner->run(Object(ScriptSettingsTest))
#11 D:\Projects\LHK Media Bitbucket\quiztv-adrev\vendor\phpunit\phpunit\src\Framework\TestSuite.php(374): PHPUnit\Framework\TestCase->run()
#12 D:\Projects\LHK Media Bitbucket\quiztv-adrev\vendor\phpunit\phpunit\src\Framework\TestSuite.php(374): PHPUnit\Framework\TestSuite->run()
#13 D:\Projects\LHK Media Bitbucket\quiztv-adrev\vendor\phpunit\phpunit\src\Framework\TestSuite.php(374): PHPUnit\Framework\TestSuite->run()
#14 D:\Projects\LHK Media Bitbucket\quiztv-adrev\vendor\phpunit\phpunit\src\TextUI\TestRunner.php(64): PHPUnit\Framework\TestSuite->run()
#15 D:\Projects\LHK Media Bitbucket\quiztv-adrev\vendor\phpunit\phpunit\src\TextUI\Application.php(204): PHPUnit\TextUI\TestRunner->run(Object(PHPUnit\TextUI\Configuration\Configuration), Object(PHPUnit\Runner\ResultCache\DefaultResultCache), Object(PHPUnit\Framework\TestSuite))
#16 D:\Projects\LHK Media Bitbucket\quiztv-adrev\vendor\phpunit\phpunit\phpunit(104): PHPUnit\TextUI\Application->run(Array)
#17 D:\Projects\LHK Media Bitbucket\quiztv-adrev\vendor\bin\phpunit(122): include('D:\\Projects\\LHK...')
#18 {main}

Next CodeIgniter\Database\Exceptions\DatabaseException: No connection could be made because the target machine actively refused it in D:\Projects\LHK Media Bitbucket\quiztv-adrev\vendor\codeigniter4\framework\system\Database\MySQLi\Connection.php:246
Stack trace:
#0 D:\Projects\LHK Media Bitbucket\quiztv-adrev\vendor\codeigniter4\framework\system\Database\BaseConnection.php(421): CodeIgniter\Database\MySQLi\Connection->connect(false)
#1 D:\Projects\LHK Media Bitbucket\quiztv-adrev\vendor\codeigniter4\framework\system\Test\DatabaseTestTrait.php(83): CodeIgniter\Database\BaseConnection->initialize()
#2 D:\Projects\LHK Media Bitbucket\quiztv-adrev\vendor\codeigniter4\framework\system\Test\DatabaseTestTrait.php(59): ScriptSettingsTest->loadDependencies()
#3 D:\Projects\LHK Media Bitbucket\quiztv-adrev\vendor\codeigniter4\framework\system\Test\CIUnitTestCase.php(251): ScriptSettingsTest->setUpDatabase()
#4 D:\Projects\LHK Media Bitbucket\quiztv-adrev\tests\unit\ScriptSettingsTest.php(22): CodeIgniter\Test\CIUnitTestCase->setUp()
#5 D:\Projects\LHK Media Bitbucket\quiztv-adrev\vendor\phpunit\phpunit\src\Framework\TestCase.php(2181): ScriptSettingsTest->setUp()
#6 D:\Projects\LHK Media Bitbucket\quiztv-adrev\vendor\phpunit\phpunit\src\Framework\TestCase.php(2096): PHPUnit\Framework\TestCase->invokeHookMethods(Array, Object(PHPUnit\Event\DispatchingEmitter), 'testBeforeTestM...', 'testBeforeTestM...', 'testBeforeTestM...')
#7 D:\Projects\LHK Media Bitbucket\quiztv-adrev\vendor\phpunit\phpunit\src\Framework\TestCase.php(678): PHPUnit\Framework\TestCase->invokeBeforeTestHookMethods(Array, Object(PHPUnit\Event\DispatchingEmitter))
#8 D:\Projects\LHK Media Bitbucket\quiztv-adrev\vendor\phpunit\phpunit\src\Framework\TestRunner.php(105): PHPUnit\Framework\TestCase->runBare()
#9 D:\Projects\LHK Media Bitbucket\quiztv-adrev\vendor\phpunit\phpunit\src\Framework\TestCase.php(516): PHPUnit\Framework\TestRunner->run(Object(ScriptSettingsTest))
#10 D:\Projects\LHK Media Bitbucket\quiztv-adrev\vendor\phpunit\phpunit\src\Framework\TestSuite.php(374): PHPUnit\Framework\TestCase->run()
#11 D:\Projects\LHK Media Bitbucket\quiztv-adrev\vendor\phpunit\phpunit\src\Framework\TestSuite.php(374): PHPUnit\Framework\TestSuite->run()
#12 D:\Projects\LHK Media Bitbucket\quiztv-adrev\vendor\phpunit\phpunit\src\Framework\TestSuite.php(374): PHPUnit\Framework\TestSuite->run()
#13 D:\Projects\LHK Media Bitbucket\quiztv-adrev\vendor\phpunit\phpunit\src\TextUI\TestRunner.php(64): PHPUnit\Framework\TestSuite->run()
#14 D:\Projects\LHK Media Bitbucket\quiztv-adrev\vendor\phpunit\phpunit\src\TextUI\Application.php(204): PHPUnit\TextUI\TestRunner->run(Object(PHPUnit\TextUI\Configuration\Configuration), Object(PHPUnit\Runner\ResultCache\DefaultResultCache), Object(PHPUnit\Framework\TestSuite))
#15 D:\Projects\LHK Media Bitbucket\quiztv-adrev\vendor\phpunit\phpunit\phpunit(104): PHPUnit\TextUI\Application->run(Array)
#16 D:\Projects\LHK Media Bitbucket\quiztv-adrev\vendor\bin\phpunit(122): include('D:\\Projects\\LHK...')
#17 {main}
ERROR - 2026-08-04 05:37:48 --> Error connecting to the database: mysqli_sql_exception: No connection could be made because the target machine actively refused it in D:\Projects\LHK Media Bitbucket\quiztv-adrev\vendor\codeigniter4\framework\system\Database\MySQLi\Connection.php:202
Stack trace:
#0 D:\Projects\LHK Media Bitbucket\quiztv-adrev\vendor\codeigniter4\framework\system\Database\MySQLi\Connection.php(202): mysqli->real_connect('localhost', 'root', '', 'quiztv', 3306, '', 0)
#1 D:\Projects\LHK Media Bitbucket\quiztv-adrev\vendor\codeigniter4\framework\system\Database\BaseConnection.php(421): CodeIgniter\Database\MySQLi\Connection->connect(false)
#2 D:\Projects\LHK Media Bitbucket\quiztv-adrev\vendor\codeigniter4\framework\system\Test\DatabaseTestTrait.php(83): CodeIgniter\Database\BaseConnection->initialize()
#3 D:\Projects\LHK Media Bitbucket\quiztv-adrev\vendor\codeigniter4\framework\system\Test\DatabaseTestTrait.php(59): ScriptSettingsTest->loadDependencies()
#4 D:\Projects\LHK Media Bitbucket\quiztv-adrev\vendor\codeigniter4\framework\system\Test\CIUnitTestCase.php(251): ScriptSettingsTest->setUpDatabase()
#5 D:\Projects\LHK Media Bitbucket\quiztv-adrev\tests\unit\ScriptSettingsTest.php(22): CodeIgniter\Test\CIUnitTestCase->setUp()
#6 D:\Projects\LHK Media Bitbucket\quiztv-adrev\vendor\phpunit\phpunit\src\Framework\TestCase.php(2181): ScriptSettingsTest->setUp()
#7 D:\Projects\LHK Media Bitbucket\quiztv-adrev\vendor\phpunit\phpunit\src\Framework\TestCase.php(2096): PHPUnit\Framework\TestCase->invokeHookMethods(Array, Object(PHPUnit\Event\DispatchingEmitter), 'testBeforeTestM...', 'testBeforeTestM...', 'testBeforeTestM...')
#8 D:\Projects\LHK Media Bitbucket\quiztv-adrev\vendor\phpunit\phpunit\src\Framework\TestCase.php(678): PHPUnit\Framework\TestCase->invokeBeforeTestHookMethods(Array, Object(PHPUnit\Event\DispatchingEmitter))
#9 D:\Projects\LHK Media Bitbucket\quiztv-adrev\vendor\phpunit\phpunit\src\Framework\TestRunner.php(105): PHPUnit\Framework\TestCase->runBare()
#10 D:\Projects\LHK Media Bitbucket\quiztv-adrev\vendor\phpunit\phpunit\src\Framework\TestCase.php(516): PHPUnit\Framework\TestRunner->run(Object(ScriptSettingsTest))
#11 D:\Projects\LHK Media Bitbucket\quiztv-adrev\vendor\phpunit\phpunit\src\Framework\TestSuite.php(374): PHPUnit\Framework\TestCase->run()
#12 D:\Projects\LHK Media Bitbucket\quiztv-adrev\vendor\phpunit\phpunit\src\Framework\TestSuite.php(374): PHPUnit\Framework\TestSuite->run()
#13 D:\Projects\LHK Media Bitbucket\quiztv-adrev\vendor\phpunit\phpunit\src\Framework\TestSuite.php(374): PHPUnit\Framework\TestSuite->run()
#14 D:\Projects\LHK Media Bitbucket\quiztv-adrev\vendor\phpunit\phpunit\src\TextUI\TestRunner.php(64): PHPUnit\Framework\TestSuite->run()
#15 D:\Projects\LHK Media Bitbucket\quiztv-adrev\vendor\phpunit\phpunit\src\TextUI\Application.php(204): PHPUnit\TextUI\TestRunner->run(Object(PHPUnit\TextUI\Configuration\Configuration), Object(PHPUnit\Runner\ResultCache\DefaultResultCache), Object(PHPUnit\Framework\TestSuite))
#16 D:\Projects\LHK Media Bitbucket\quiztv-adrev\vendor\phpunit\phpunit\phpunit(104): PHPUnit\TextUI\Application->run(Array)
#17 D:\Projects\LHK Media Bitbucket\quiztv-adrev\vendor\bin\phpunit(122): include('D:\\Projects\\LHK...')
#18 {main}

Next CodeIgniter\Database\Exceptions\DatabaseException: No connection could be made because the target machine actively refused it in D:\Projects\LHK Media Bitbucket\quiztv-adrev\vendor\codeigniter4\framework\system\Database\MySQLi\Connection.php:246
Stack trace:
#0 D:\Projects\LHK Media Bitbucket\quiztv-adrev\vendor\codeigniter4\framework\system\Database\BaseConnection.php(421): CodeIgniter\Database\MySQLi\Connection->connect(false)
#1 D:\Projects\LHK Media Bitbucket\quiztv-adrev\vendor\codeigniter4\framework\system\Test\DatabaseTestTrait.php(83): CodeIgniter\Database\BaseConnection->initialize()
#2 D:\Projects\LHK Media Bitbucket\quiztv-adrev\vendor\codeigniter4\framework\system\Test\DatabaseTestTrait.php(59): ScriptSettingsTest->loadDependencies()
#3 D:\Projects\LHK Media Bitbucket\quiztv-adrev\vendor\codeigniter4\framework\system\Test\CIUnitTestCase.php(251): ScriptSettingsTest->setUpDatabase()
#4 D:\Projects\LHK Media Bitbucket\quiztv-adrev\tests\unit\ScriptSettingsTest.php(22): CodeIgniter\Test\CIUnitTestCase->setUp()
#5 D:\Projects\LHK Media Bitbucket\quiztv-adrev\vendor\phpunit\phpunit\src\Framework\TestCase.php(2181): ScriptSettingsTest->setUp()
#6 D:\Projects\LHK Media Bitbucket\quiztv-adrev\vendor\phpunit\phpunit\src\Framework\TestCase.php(2096): PHPUnit\Framework\TestCase->invokeHookMethods(Array, Object(PHPUnit\Event\DispatchingEmitter), 'testBeforeTestM...', 'testBeforeTestM...', 'testBeforeTestM...')
#7 D:\Projects\LHK Media Bitbucket\quiztv-adrev\vendor\phpunit\phpunit\src\Framework\TestCase.php(678): PHPUnit\Framework\TestCase->invokeBeforeTestHookMethods(Array, Object(PHPUnit\Event\DispatchingEmitter))
#8 D:\Projects\LHK Media Bitbucket\quiztv-adrev\vendor\phpunit\phpunit\src\Framework\TestRunner.php(105): PHPUnit\Framework\TestCase->runBare()
#9 D:\Projects\LHK Media Bitbucket\quiztv-adrev\vendor\phpunit\phpunit\src\Framework\TestCase.php(516): PHPUnit\Framework\TestRunner->run(Object(ScriptSettingsTest))
#10 D:\Projects\LHK Media Bitbucket\quiztv-adrev\vendor\phpunit\phpunit\src\Framework\TestSuite.php(374): PHPUnit\Framework\TestCase->run()
#11 D:\Projects\LHK Media Bitbucket\quiztv-adrev\vendor\phpunit\phpunit\src\Framework\TestSuite.php(374): PHPUnit\Framework\TestSuite->run()
#12 D:\Projects\LHK Media Bitbucket\quiztv-adrev\vendor\phpunit\phpunit\src\Framework\TestSuite.php(374): PHPUnit\Framework\TestSuite->run()
#13 D:\Projects\LHK Media Bitbucket\quiztv-adrev\vendor\phpunit\phpunit\src\TextUI\TestRunner.php(64): PHPUnit\Framework\TestSuite->run()
#14 D:\Projects\LHK Media Bitbucket\quiztv-adrev\vendor\phpunit\phpunit\src\TextUI\Application.php(204): PHPUnit\TextUI\TestRunner->run(Object(PHPUnit\TextUI\Configuration\Configuration), Object(PHPUnit\Runner\ResultCache\DefaultResultCache), Object(PHPUnit\Framework\TestSuite))
#15 D:\Projects\LHK Media Bitbucket\quiztv-adrev\vendor\phpunit\phpunit\phpunit(104): PHPUnit\TextUI\Application->run(Array)
#16 D:\Projects\LHK Media Bitbucket\quiztv-adrev\vendor\bin\phpunit(122): include('D:\\Projects\\LHK...')
#17 {main}
ERROR - 2026-08-04 05:37:52 --> Error connecting to the database: mysqli_sql_exception: No connection could be made because the target machine actively refused it in D:\Projects\LHK Media Bitbucket\quiztv-adrev\vendor\codeigniter4\framework\system\Database\MySQLi\Connection.php:202
Stack trace:
#0 D:\Projects\LHK Media Bitbucket\quiztv-adrev\vendor\codeigniter4\framework\system\Database\MySQLi\Connection.php(202): mysqli->real_connect('localhost', 'root', '', 'quiztv', 3306, '', 0)
#1 D:\Projects\LHK Media Bitbucket\quiztv-adrev\vendor\codeigniter4\framework\system\Database\BaseConnection.php(421): CodeIgniter\Database\MySQLi\Connection->connect(false)
#2 D:\Projects\LHK Media Bitbucket\quiztv-adrev\vendor\codeigniter4\framework\system\Test\DatabaseTestTrait.php(83): CodeIgniter\Database\BaseConnection->initialize()
#3 D:\Projects\LHK Media Bitbucket\quiztv-adrev\vendor\codeigniter4\framework\system\Test\DatabaseTestTrait.php(59): SecurityAndDatabaseTest->loadDependencies()
#4 D:\Projects\LHK Media Bitbucket\quiztv-adrev\vendor\codeigniter4\framework\system\Test\CIUnitTestCase.php(251): SecurityAndDatabaseTest->setUpDatabase()
#5 D:\Projects\LHK Media Bitbucket\quiztv-adrev\tests\unit\SecurityAndDatabaseTest.php(23): CodeIgniter\Test\CIUnitTestCase->setUp()
#6 D:\Projects\LHK Media Bitbucket\quiztv-adrev\vendor\phpunit\phpunit\src\Framework\TestCase.php(2181): SecurityAndDatabaseTest->setUp()
#7 D:\Projects\LHK Media Bitbucket\quiztv-adrev\vendor\phpunit\phpunit\src\Framework\TestCase.php(2096): PHPUnit\Framework\TestCase->invokeHookMethods(Array, Object(PHPUnit\Event\DispatchingEmitter), 'testBeforeTestM...', 'testBeforeTestM...', 'testBeforeTestM...')
#8 D:\Projects\LHK Media Bitbucket\quiztv-adrev\vendor\phpunit\phpunit\src\Framework\TestCase.php(678): PHPUnit\Framework\TestCase->invokeBeforeTestHookMethods(Array, Object(PHPUnit\Event\DispatchingEmitter))
#9 D:\Projects\LHK Media Bitbucket\quiztv-adrev\vendor\phpunit\phpunit\src\Framework\TestRunner.php(105): PHPUnit\Framework\TestCase->runBare()
#10 D:\Projects\LHK Media Bitbucket\quiztv-adrev\vendor\phpunit\phpunit\src\Framework\TestCase.php(516): PHPUnit\Framework\TestRunner->run(Object(SecurityAndDatabaseTest))
#11 D:\Projects\LHK Media Bitbucket\quiztv-adrev\vendor\phpunit\phpunit\src\Framework\TestSuite.php(374): PHPUnit\Framework\TestCase->run()
#12 D:\Projects\LHK Media Bitbucket\quiztv-adrev\vendor\phpunit\phpunit\src\Framework\TestSuite.php(374): PHPUnit\Framework\TestSuite->run()
#13 D:\Projects\LHK Media Bitbucket\quiztv-adrev\vendor\phpunit\phpunit\src\Framework\TestSuite.php(374): PHPUnit\Framework\TestSuite->run()
#14 D:\Projects\LHK Media Bitbucket\quiztv-adrev\vendor\phpunit\phpunit\src\TextUI\TestRunner.php(64): PHPUnit\Framework\TestSuite->run()
#15 D:\Projects\LHK Media Bitbucket\quiztv-adrev\vendor\phpunit\phpunit\src\TextUI\Application.php(204): PHPUnit\TextUI\TestRunner->run(Object(PHPUnit\TextUI\Configuration\Configuration), Object(PHPUnit\Runner\ResultCache\DefaultResultCache), Object(PHPUnit\Framework\TestSuite))
#16 D:\Projects\LHK Media Bitbucket\quiztv-adrev\vendor\phpunit\phpunit\phpunit(104): PHPUnit\TextUI\Application->run(Array)
#17 D:\Projects\LHK Media Bitbucket\quiztv-adrev\vendor\bin\phpunit(122): include('D:\\Projects\\LHK...')
#18 {main}

Next CodeIgniter\Database\Exceptions\DatabaseException: No connection could be made because the target machine actively refused it in D:\Projects\LHK Media Bitbucket\quiztv-adrev\vendor\codeigniter4\framework\system\Database\MySQLi\Connection.php:246
Stack trace:
#0 D:\Projects\LHK Media Bitbucket\quiztv-adrev\vendor\codeigniter4\framework\system\Database\BaseConnection.php(421): CodeIgniter\Database\MySQLi\Connection->connect(false)
#1 D:\Projects\LHK Media Bitbucket\quiztv-adrev\vendor\codeigniter4\framework\system\Test\DatabaseTestTrait.php(83): CodeIgniter\Database\BaseConnection->initialize()
#2 D:\Projects\LHK Media Bitbucket\quiztv-adrev\vendor\codeigniter4\framework\system\Test\DatabaseTestTrait.php(59): SecurityAndDatabaseTest->loadDependencies()
#3 D:\Projects\LHK Media Bitbucket\quiztv-adrev\vendor\codeigniter4\framework\system\Test\CIUnitTestCase.php(251): SecurityAndDatabaseTest->setUpDatabase()
#4 D:\Projects\LHK Media Bitbucket\quiztv-adrev\tests\unit\SecurityAndDatabaseTest.php(23): CodeIgniter\Test\CIUnitTestCase->setUp()
#5 D:\Projects\LHK Media Bitbucket\quiztv-adrev\vendor\phpunit\phpunit\src\Framework\TestCase.php(2181): SecurityAndDatabaseTest->setUp()
#6 D:\Projects\LHK Media Bitbucket\quiztv-adrev\vendor\phpunit\phpunit\src\Framework\TestCase.php(2096): PHPUnit\Framework\TestCase->invokeHookMethods(Array, Object(PHPUnit\Event\DispatchingEmitter), 'testBeforeTestM...', 'testBeforeTestM...', 'testBeforeTestM...')
#7 D:\Projects\LHK Media Bitbucket\quiztv-adrev\vendor\phpunit\phpunit\src\Framework\TestCase.php(678): PHPUnit\Framework\TestCase->invokeBeforeTestHookMethods(Array, Object(PHPUnit\Event\DispatchingEmitter))
#8 D:\Projects\LHK Media Bitbucket\quiztv-adrev\vendor\phpunit\phpunit\src\Framework\TestRunner.php(105): PHPUnit\Framework\TestCase->runBare()
#9 D:\Projects\LHK Media Bitbucket\quiztv-adrev\vendor\phpunit\phpunit\src\Framework\TestCase.php(516): PHPUnit\Framework\TestRunner->run(Object(SecurityAndDatabaseTest))
#10 D:\Projects\LHK Media Bitbucket\quiztv-adrev\vendor\phpunit\phpunit\src\Framework\TestSuite.php(374): PHPUnit\Framework\TestCase->run()
#11 D:\Projects\LHK Media Bitbucket\quiztv-adrev\vendor\phpunit\phpunit\src\Framework\TestSuite.php(374): PHPUnit\Framework\TestSuite->run()
#12 D:\Projects\LHK Media Bitbucket\quiztv-adrev\vendor\phpunit\phpunit\src\Framework\TestSuite.php(374): PHPUnit\Framework\TestSuite->run()
#13 D:\Projects\LHK Media Bitbucket\quiztv-adrev\vendor\phpunit\phpunit\src\TextUI\TestRunner.php(64): PHPUnit\Framework\TestSuite->run()
#14 D:\Projects\LHK Media Bitbucket\quiztv-adrev\vendor\phpunit\phpunit\src\TextUI\Application.php(204): PHPUnit\TextUI\TestRunner->run(Object(PHPUnit\TextUI\Configuration\Configuration), Object(PHPUnit\Runner\ResultCache\DefaultResultCache), Object(PHPUnit\Framework\TestSuite))
#15 D:\Projects\LHK Media Bitbucket\quiztv-adrev\vendor\phpunit\phpunit\phpunit(104): PHPUnit\TextUI\Application->run(Array)
#16 D:\Projects\LHK Media Bitbucket\quiztv-adrev\vendor\bin\phpunit(122): include('D:\\Projects\\LHK...')
#17 {main}
ERROR - 2026-08-04 05:37:56 --> Error connecting to the database: mysqli_sql_exception: No connection could be made because the target machine actively refused it in D:\Projects\LHK Media Bitbucket\quiztv-adrev\vendor\codeigniter4\framework\system\Database\MySQLi\Connection.php:202
Stack trace:
#0 D:\Projects\LHK Media Bitbucket\quiztv-adrev\vendor\codeigniter4\framework\system\Database\MySQLi\Connection.php(202): mysqli->real_connect('localhost', 'root', '', 'quiztv', 3306, '', 0)
#1 D:\Projects\LHK Media Bitbucket\quiztv-adrev\vendor\codeigniter4\framework\system\Database\BaseConnection.php(421): CodeIgniter\Database\MySQLi\Connection->connect(false)
#2 D:\Projects\LHK Media Bitbucket\quiztv-adrev\vendor\codeigniter4\framework\system\Test\DatabaseTestTrait.php(83): CodeIgniter\Database\BaseConnection->initialize()
#3 D:\Projects\LHK Media Bitbucket\quiztv-adrev\vendor\codeigniter4\framework\system\Test\DatabaseTestTrait.php(59): SecurityAndDatabaseTest->loadDependencies()
#4 D:\Projects\LHK Media Bitbucket\quiztv-adrev\vendor\codeigniter4\framework\system\Test\CIUnitTestCase.php(251): SecurityAndDatabaseTest->setUpDatabase()
#5 D:\Projects\LHK Media Bitbucket\quiztv-adrev\tests\unit\SecurityAndDatabaseTest.php(23): CodeIgniter\Test\CIUnitTestCase->setUp()
#6 D:\Projects\LHK Media Bitbucket\quiztv-adrev\vendor\phpunit\phpunit\src\Framework\TestCase.php(2181): SecurityAndDatabaseTest->setUp()
#7 D:\Projects\LHK Media Bitbucket\quiztv-adrev\vendor\phpunit\phpunit\src\Framework\TestCase.php(2096): PHPUnit\Framework\TestCase->invokeHookMethods(Array, Object(PHPUnit\Event\DispatchingEmitter), 'testBeforeTestM...', 'testBeforeTestM...', 'testBeforeTestM...')
#8 D:\Projects\LHK Media Bitbucket\quiztv-adrev\vendor\phpunit\phpunit\src\Framework\TestCase.php(678): PHPUnit\Framework\TestCase->invokeBeforeTestHookMethods(Array, Object(PHPUnit\Event\DispatchingEmitter))
#9 D:\Projects\LHK Media Bitbucket\quiztv-adrev\vendor\phpunit\phpunit\src\Framework\TestRunner.php(105): PHPUnit\Framework\TestCase->runBare()
#10 D:\Projects\LHK Media Bitbucket\quiztv-adrev\vendor\phpunit\phpunit\src\Framework\TestCase.php(516): PHPUnit\Framework\TestRunner->run(Object(SecurityAndDatabaseTest))
#11 D:\Projects\LHK Media Bitbucket\quiztv-adrev\vendor\phpunit\phpunit\src\Framework\TestSuite.php(374): PHPUnit\Framework\TestCase->run()
#12 D:\Projects\LHK Media Bitbucket\quiztv-adrev\vendor\phpunit\phpunit\src\Framework\TestSuite.php(374): PHPUnit\Framework\TestSuite->run()
#13 D:\Projects\LHK Media Bitbucket\quiztv-adrev\vendor\phpunit\phpunit\src\Framework\TestSuite.php(374): PHPUnit\Framework\TestSuite->run()
#14 D:\Projects\LHK Media Bitbucket\quiztv-adrev\vendor\phpunit\phpunit\src\TextUI\TestRunner.php(64): PHPUnit\Framework\TestSuite->run()
#15 D:\Projects\LHK Media Bitbucket\quiztv-adrev\vendor\phpunit\phpunit\src\TextUI\Application.php(204): PHPUnit\TextUI\TestRunner->run(Object(PHPUnit\TextUI\Configuration\Configuration), Object(PHPUnit\Runner\ResultCache\DefaultResultCache), Object(PHPUnit\Framework\TestSuite))
#16 D:\Projects\LHK Media Bitbucket\quiztv-adrev\vendor\phpunit\phpunit\phpunit(104): PHPUnit\TextUI\Application->run(Array)
#17 D:\Projects\LHK Media Bitbucket\quiztv-adrev\vendor\bin\phpunit(122): include('D:\\Projects\\LHK...')
#18 {main}

Next CodeIgniter\Database\Exceptions\DatabaseException: No connection could be made because the target machine actively refused it in D:\Projects\LHK Media Bitbucket\quiztv-adrev\vendor\codeigniter4\framework\system\Database\MySQLi\Connection.php:246
Stack trace:
#0 D:\Projects\LHK Media Bitbucket\quiztv-adrev\vendor\codeigniter4\framework\system\Database\BaseConnection.php(421): CodeIgniter\Database\MySQLi\Connection->connect(false)
#1 D:\Projects\LHK Media Bitbucket\quiztv-adrev\vendor\codeigniter4\framework\system\Test\DatabaseTestTrait.php(83): CodeIgniter\Database\BaseConnection->initialize()
#2 D:\Projects\LHK Media Bitbucket\quiztv-adrev\vendor\codeigniter4\framework\system\Test\DatabaseTestTrait.php(59): SecurityAndDatabaseTest->loadDependencies()
#3 D:\Projects\LHK Media Bitbucket\quiztv-adrev\vendor\codeigniter4\framework\system\Test\CIUnitTestCase.php(251): SecurityAndDatabaseTest->setUpDatabase()
#4 D:\Projects\LHK Media Bitbucket\quiztv-adrev\tests\unit\SecurityAndDatabaseTest.php(23): CodeIgniter\Test\CIUnitTestCase->setUp()
#5 D:\Projects\LHK Media Bitbucket\quiztv-adrev\vendor\phpunit\phpunit\src\Framework\TestCase.php(2181): SecurityAndDatabaseTest->setUp()
#6 D:\Projects\LHK Media Bitbucket\quiztv-adrev\vendor\phpunit\phpunit\src\Framework\TestCase.php(2096): PHPUnit\Framework\TestCase->invokeHookMethods(Array, Object(PHPUnit\Event\DispatchingEmitter), 'testBeforeTestM...', 'testBeforeTestM...', 'testBeforeTestM...')
#7 D:\Projects\LHK Media Bitbucket\quiztv-adrev\vendor\phpunit\phpunit\src\Framework\TestCase.php(678): PHPUnit\Framework\TestCase->invokeBeforeTestHookMethods(Array, Object(PHPUnit\Event\DispatchingEmitter))
#8 D:\Projects\LHK Media Bitbucket\quiztv-adrev\vendor\phpunit\phpunit\src\Framework\TestRunner.php(105): PHPUnit\Framework\TestCase->runBare()
#9 D:\Projects\LHK Media Bitbucket\quiztv-adrev\vendor\phpunit\phpunit\src\Framework\TestCase.php(516): PHPUnit\Framework\TestRunner->run(Object(SecurityAndDatabaseTest))
#10 D:\Projects\LHK Media Bitbucket\quiztv-adrev\vendor\phpunit\phpunit\src\Framework\TestSuite.php(374): PHPUnit\Framework\TestCase->run()
#11 D:\Projects\LHK Media Bitbucket\quiztv-adrev\vendor\phpunit\phpunit\src\Framework\TestSuite.php(374): PHPUnit\Framework\TestSuite->run()
#12 D:\Projects\LHK Media Bitbucket\quiztv-adrev\vendor\phpunit\phpunit\src\Framework\TestSuite.php(374): PHPUnit\Framework\TestSuite->run()
#13 D:\Projects\LHK Media Bitbucket\quiztv-adrev\vendor\phpunit\phpunit\src\TextUI\TestRunner.php(64): PHPUnit\Framework\TestSuite->run()
#14 D:\Projects\LHK Media Bitbucket\quiztv-adrev\vendor\phpunit\phpunit\src\TextUI\Application.php(204): PHPUnit\TextUI\TestRunner->run(Object(PHPUnit\TextUI\Configuration\Configuration), Object(PHPUnit\Runner\ResultCache\DefaultResultCache), Object(PHPUnit\Framework\TestSuite))
#15 D:\Projects\LHK Media Bitbucket\quiztv-adrev\vendor\phpunit\phpunit\phpunit(104): PHPUnit\TextUI\Application->run(Array)
#16 D:\Projects\LHK Media Bitbucket\quiztv-adrev\vendor\bin\phpunit(122): include('D:\\Projects\\LHK...')
#17 {main}
ERROR - 2026-08-04 05:38:00 --> Error connecting to the database: mysqli_sql_exception: No connection could be made because the target machine actively refused it in D:\Projects\LHK Media Bitbucket\quiztv-adrev\vendor\codeigniter4\framework\system\Database\MySQLi\Connection.php:202
Stack trace:
#0 D:\Projects\LHK Media Bitbucket\quiztv-adrev\vendor\codeigniter4\framework\system\Database\MySQLi\Connection.php(202): mysqli->real_connect('localhost', 'root', '', 'quiztv', 3306, '', 0)
#1 D:\Projects\LHK Media Bitbucket\quiztv-adrev\vendor\codeigniter4\framework\system\Database\BaseConnection.php(421): CodeIgniter\Database\MySQLi\Connection->connect(false)
#2 D:\Projects\LHK Media Bitbucket\quiztv-adrev\vendor\codeigniter4\framework\system\Test\DatabaseTestTrait.php(83): CodeIgniter\Database\BaseConnection->initialize()
#3 D:\Projects\LHK Media Bitbucket\quiztv-adrev\vendor\codeigniter4\framework\system\Test\DatabaseTestTrait.php(59): SecurityAndDatabaseTest->loadDependencies()
#4 D:\Projects\LHK Media Bitbucket\quiztv-adrev\vendor\codeigniter4\framework\system\Test\CIUnitTestCase.php(251): SecurityAndDatabaseTest->setUpDatabase()
#5 D:\Projects\LHK Media Bitbucket\quiztv-adrev\tests\unit\SecurityAndDatabaseTest.php(23): CodeIgniter\Test\CIUnitTestCase->setUp()
#6 D:\Projects\LHK Media Bitbucket\quiztv-adrev\vendor\phpunit\phpunit\src\Framework\TestCase.php(2181): SecurityAndDatabaseTest->setUp()
#7 D:\Projects\LHK Media Bitbucket\quiztv-adrev\vendor\phpunit\phpunit\src\Framework\TestCase.php(2096): PHPUnit\Framework\TestCase->invokeHookMethods(Array, Object(PHPUnit\Event\DispatchingEmitter), 'testBeforeTestM...', 'testBeforeTestM...', 'testBeforeTestM...')
#8 D:\Projects\LHK Media Bitbucket\quiztv-adrev\vendor\phpunit\phpunit\src\Framework\TestCase.php(678): PHPUnit\Framework\TestCase->invokeBeforeTestHookMethods(Array, Object(PHPUnit\Event\DispatchingEmitter))
#9 D:\Projects\LHK Media Bitbucket\quiztv-adrev\vendor\phpunit\phpunit\src\Framework\TestRunner.php(105): PHPUnit\Framework\TestCase->runBare()
#10 D:\Projects\LHK Media Bitbucket\quiztv-adrev\vendor\phpunit\phpunit\src\Framework\TestCase.php(516): PHPUnit\Framework\TestRunner->run(Object(SecurityAndDatabaseTest))
#11 D:\Projects\LHK Media Bitbucket\quiztv-adrev\vendor\phpunit\phpunit\src\Framework\TestSuite.php(374): PHPUnit\Framework\TestCase->run()
#12 D:\Projects\LHK Media Bitbucket\quiztv-adrev\vendor\phpunit\phpunit\src\Framework\TestSuite.php(374): PHPUnit\Framework\TestSuite->run()
#13 D:\Projects\LHK Media Bitbucket\quiztv-adrev\vendor\phpunit\phpunit\src\Framework\TestSuite.php(374): PHPUnit\Framework\TestSuite->run()
#14 D:\Projects\LHK Media Bitbucket\quiztv-adrev\vendor\phpunit\phpunit\src\TextUI\TestRunner.php(64): PHPUnit\Framework\TestSuite->run()
#15 D:\Projects\LHK Media Bitbucket\quiztv-adrev\vendor\phpunit\phpunit\src\TextUI\Application.php(204): PHPUnit\TextUI\TestRunner->run(Object(PHPUnit\TextUI\Configuration\Configuration), Object(PHPUnit\Runner\ResultCache\DefaultResultCache), Object(PHPUnit\Framework\TestSuite))
#16 D:\Projects\LHK Media Bitbucket\quiztv-adrev\vendor\phpunit\phpunit\phpunit(104): PHPUnit\TextUI\Application->run(Array)
#17 D:\Projects\LHK Media Bitbucket\quiztv-adrev\vendor\bin\phpunit(122): include('D:\\Projects\\LHK...')
#18 {main}

Next CodeIgniter\Database\Exceptions\DatabaseException: No connection could be made because the target machine actively refused it in D:\Projects\LHK Media Bitbucket\quiztv-adrev\vendor\codeigniter4\framework\system\Database\MySQLi\Connection.php:246
Stack trace:
#0 D:\Projects\LHK Media Bitbucket\quiztv-adrev\vendor\codeigniter4\framework\system\Database\BaseConnection.php(421): CodeIgniter\Database\MySQLi\Connection->connect(false)
#1 D:\Projects\LHK Media Bitbucket\quiztv-adrev\vendor\codeigniter4\framework\system\Test\DatabaseTestTrait.php(83): CodeIgniter\Database\BaseConnection->initialize()
#2 D:\Projects\LHK Media Bitbucket\quiztv-adrev\vendor\codeigniter4\framework\system\Test\DatabaseTestTrait.php(59): SecurityAndDatabaseTest->loadDependencies()
#3 D:\Projects\LHK Media Bitbucket\quiztv-adrev\vendor\codeigniter4\framework\system\Test\CIUnitTestCase.php(251): SecurityAndDatabaseTest->setUpDatabase()
#4 D:\Projects\LHK Media Bitbucket\quiztv-adrev\tests\unit\SecurityAndDatabaseTest.php(23): CodeIgniter\Test\CIUnitTestCase->setUp()
#5 D:\Projects\LHK Media Bitbucket\quiztv-adrev\vendor\phpunit\phpunit\src\Framework\TestCase.php(2181): SecurityAndDatabaseTest->setUp()
#6 D:\Projects\LHK Media Bitbucket\quiztv-adrev\vendor\phpunit\phpunit\src\Framework\TestCase.php(2096): PHPUnit\Framework\TestCase->invokeHookMethods(Array, Object(PHPUnit\Event\DispatchingEmitter), 'testBeforeTestM...', 'testBeforeTestM...', 'testBeforeTestM...')
#7 D:\Projects\LHK Media Bitbucket\quiztv-adrev\vendor\phpunit\phpunit\src\Framework\TestCase.php(678): PHPUnit\Framework\TestCase->invokeBeforeTestHookMethods(Array, Object(PHPUnit\Event\DispatchingEmitter))
#8 D:\Projects\LHK Media Bitbucket\quiztv-adrev\vendor\phpunit\phpunit\src\Framework\TestRunner.php(105): PHPUnit\Framework\TestCase->runBare()
#9 D:\Projects\LHK Media Bitbucket\quiztv-adrev\vendor\phpunit\phpunit\src\Framework\TestCase.php(516): PHPUnit\Framework\TestRunner->run(Object(SecurityAndDatabaseTest))
#10 D:\Projects\LHK Media Bitbucket\quiztv-adrev\vendor\phpunit\phpunit\src\Framework\TestSuite.php(374): PHPUnit\Framework\TestCase->run()
#11 D:\Projects\LHK Media Bitbucket\quiztv-adrev\vendor\phpunit\phpunit\src\Framework\TestSuite.php(374): PHPUnit\Framework\TestSuite->run()
#12 D:\Projects\LHK Media Bitbucket\quiztv-adrev\vendor\phpunit\phpunit\src\Framework\TestSuite.php(374): PHPUnit\Framework\TestSuite->run()
#13 D:\Projects\LHK Media Bitbucket\quiztv-adrev\vendor\phpunit\phpunit\src\TextUI\TestRunner.php(64): PHPUnit\Framework\TestSuite->run()
#14 D:\Projects\LHK Media Bitbucket\quiztv-adrev\vendor\phpunit\phpunit\src\TextUI\Application.php(204): PHPUnit\TextUI\TestRunner->run(Object(PHPUnit\TextUI\Configuration\Configuration), Object(PHPUnit\Runner\ResultCache\DefaultResultCache), Object(PHPUnit\Framework\TestSuite))
#15 D:\Projects\LHK Media Bitbucket\quiztv-adrev\vendor\phpunit\phpunit\phpunit(104): PHPUnit\TextUI\Application->run(Array)
#16 D:\Projects\LHK Media Bitbucket\quiztv-adrev\vendor\bin\phpunit(122): include('D:\\Projects\\LHK...')
#17 {main}
ERROR - 2026-08-04 05:38:05 --> Error connecting to the database: mysqli_sql_exception: No connection could be made because the target machine actively refused it in D:\Projects\LHK Media Bitbucket\quiztv-adrev\vendor\codeigniter4\framework\system\Database\MySQLi\Connection.php:202
Stack trace:
#0 D:\Projects\LHK Media Bitbucket\quiztv-adrev\vendor\codeigniter4\framework\system\Database\MySQLi\Connection.php(202): mysqli->real_connect('localhost', 'root', '', 'quiztv', 3306, '', 0)
#1 D:\Projects\LHK Media Bitbucket\quiztv-adrev\vendor\codeigniter4\framework\system\Database\BaseConnection.php(421): CodeIgniter\Database\MySQLi\Connection->connect(false)
#2 D:\Projects\LHK Media Bitbucket\quiztv-adrev\vendor\codeigniter4\framework\system\Test\DatabaseTestTrait.php(83): CodeIgniter\Database\BaseConnection->initialize()
#3 D:\Projects\LHK Media Bitbucket\quiztv-adrev\vendor\codeigniter4\framework\system\Test\DatabaseTestTrait.php(59): SecurityAndDatabaseTest->loadDependencies()
#4 D:\Projects\LHK Media Bitbucket\quiztv-adrev\vendor\codeigniter4\framework\system\Test\CIUnitTestCase.php(251): SecurityAndDatabaseTest->setUpDatabase()
#5 D:\Projects\LHK Media Bitbucket\quiztv-adrev\tests\unit\SecurityAndDatabaseTest.php(23): CodeIgniter\Test\CIUnitTestCase->setUp()
#6 D:\Projects\LHK Media Bitbucket\quiztv-adrev\vendor\phpunit\phpunit\src\Framework\TestCase.php(2181): SecurityAndDatabaseTest->setUp()
#7 D:\Projects\LHK Media Bitbucket\quiztv-adrev\vendor\phpunit\phpunit\src\Framework\TestCase.php(2096): PHPUnit\Framework\TestCase->invokeHookMethods(Array, Object(PHPUnit\Event\DispatchingEmitter), 'testBeforeTestM...', 'testBeforeTestM...', 'testBeforeTestM...')
#8 D:\Projects\LHK Media Bitbucket\quiztv-adrev\vendor\phpunit\phpunit\src\Framework\TestCase.php(678): PHPUnit\Framework\TestCase->invokeBeforeTestHookMethods(Array, Object(PHPUnit\Event\DispatchingEmitter))
#9 D:\Projects\LHK Media Bitbucket\quiztv-adrev\vendor\phpunit\phpunit\src\Framework\TestRunner.php(105): PHPUnit\Framework\TestCase->runBare()
#10 D:\Projects\LHK Media Bitbucket\quiztv-adrev\vendor\phpunit\phpunit\src\Framework\TestCase.php(516): PHPUnit\Framework\TestRunner->run(Object(SecurityAndDatabaseTest))
#11 D:\Projects\LHK Media Bitbucket\quiztv-adrev\vendor\phpunit\phpunit\src\Framework\TestSuite.php(374): PHPUnit\Framework\TestCase->run()
#12 D:\Projects\LHK Media Bitbucket\quiztv-adrev\vendor\phpunit\phpunit\src\Framework\TestSuite.php(374): PHPUnit\Framework\TestSuite->run()
#13 D:\Projects\LHK Media Bitbucket\quiztv-adrev\vendor\phpunit\phpunit\src\Framework\TestSuite.php(374): PHPUnit\Framework\TestSuite->run()
#14 D:\Projects\LHK Media Bitbucket\quiztv-adrev\vendor\phpunit\phpunit\src\TextUI\TestRunner.php(64): PHPUnit\Framework\TestSuite->run()
#15 D:\Projects\LHK Media Bitbucket\quiztv-adrev\vendor\phpunit\phpunit\src\TextUI\Application.php(204): PHPUnit\TextUI\TestRunner->run(Object(PHPUnit\TextUI\Configuration\Configuration), Object(PHPUnit\Runner\ResultCache\DefaultResultCache), Object(PHPUnit\Framework\TestSuite))
#16 D:\Projects\LHK Media Bitbucket\quiztv-adrev\vendor\phpunit\phpunit\phpunit(104): PHPUnit\TextUI\Application->run(Array)
#17 D:\Projects\LHK Media Bitbucket\quiztv-adrev\vendor\bin\phpunit(122): include('D:\\Projects\\LHK...')
#18 {main}

Next CodeIgniter\Database\Exceptions\DatabaseException: No connection could be made because the target machine actively refused it in D:\Projects\LHK Media Bitbucket\quiztv-adrev\vendor\codeigniter4\framework\system\Database\MySQLi\Connection.php:246
Stack trace:
#0 D:\Projects\LHK Media Bitbucket\quiztv-adrev\vendor\codeigniter4\framework\system\Database\BaseConnection.php(421): CodeIgniter\Database\MySQLi\Connection->connect(false)
#1 D:\Projects\LHK Media Bitbucket\quiztv-adrev\vendor\codeigniter4\framework\system\Test\DatabaseTestTrait.php(83): CodeIgniter\Database\BaseConnection->initialize()
#2 D:\Projects\LHK Media Bitbucket\quiztv-adrev\vendor\codeigniter4\framework\system\Test\DatabaseTestTrait.php(59): SecurityAndDatabaseTest->loadDependencies()
#3 D:\Projects\LHK Media Bitbucket\quiztv-adrev\vendor\codeigniter4\framework\system\Test\CIUnitTestCase.php(251): SecurityAndDatabaseTest->setUpDatabase()
#4 D:\Projects\LHK Media Bitbucket\quiztv-adrev\tests\unit\SecurityAndDatabaseTest.php(23): CodeIgniter\Test\CIUnitTestCase->setUp()
#5 D:\Projects\LHK Media Bitbucket\quiztv-adrev\vendor\phpunit\phpunit\src\Framework\TestCase.php(2181): SecurityAndDatabaseTest->setUp()
#6 D:\Projects\LHK Media Bitbucket\quiztv-adrev\vendor\phpunit\phpunit\src\Framework\TestCase.php(2096): PHPUnit\Framework\TestCase->invokeHookMethods(Array, Object(PHPUnit\Event\DispatchingEmitter), 'testBeforeTestM...', 'testBeforeTestM...', 'testBeforeTestM...')
#7 D:\Projects\LHK Media Bitbucket\quiztv-adrev\vendor\phpunit\phpunit\src\Framework\TestCase.php(678): PHPUnit\Framework\TestCase->invokeBeforeTestHookMethods(Array, Object(PHPUnit\Event\DispatchingEmitter))
#8 D:\Projects\LHK Media Bitbucket\quiztv-adrev\vendor\phpunit\phpunit\src\Framework\TestRunner.php(105): PHPUnit\Framework\TestCase->runBare()
#9 D:\Projects\LHK Media Bitbucket\quiztv-adrev\vendor\phpunit\phpunit\src\Framework\TestCase.php(516): PHPUnit\Framework\TestRunner->run(Object(SecurityAndDatabaseTest))
#10 D:\Projects\LHK Media Bitbucket\quiztv-adrev\vendor\phpunit\phpunit\src\Framework\TestSuite.php(374): PHPUnit\Framework\TestCase->run()
#11 D:\Projects\LHK Media Bitbucket\quiztv-adrev\vendor\phpunit\phpunit\src\Framework\TestSuite.php(374): PHPUnit\Framework\TestSuite->run()
#12 D:\Projects\LHK Media Bitbucket\quiztv-adrev\vendor\phpunit\phpunit\src\Framework\TestSuite.php(374): PHPUnit\Framework\TestSuite->run()
#13 D:\Projects\LHK Media Bitbucket\quiztv-adrev\vendor\phpunit\phpunit\src\TextUI\TestRunner.php(64): PHPUnit\Framework\TestSuite->run()
#14 D:\Projects\LHK Media Bitbucket\quiztv-adrev\vendor\phpunit\phpunit\src\TextUI\Application.php(204): PHPUnit\TextUI\TestRunner->run(Object(PHPUnit\TextUI\Configuration\Configuration), Object(PHPUnit\Runner\ResultCache\DefaultResultCache), Object(PHPUnit\Framework\TestSuite))
#15 D:\Projects\LHK Media Bitbucket\quiztv-adrev\vendor\phpunit\phpunit\phpunit(104): PHPUnit\TextUI\Application->run(Array)
#16 D:\Projects\LHK Media Bitbucket\quiztv-adrev\vendor\bin\phpunit(122): include('D:\\Projects\\LHK...')
#17 {main}
